🧬 [DaC] Starting Compilation of 413 places...
❌ [Validation Error] Palais de Justice de Paris (Index: 0):
   - description: Description must be substantive (min 50 chars)
   - expert_catchline: Invalid input: expected string, received undefined
   - images.hero: Invalid URL
   - images.hero: Hero image must be a valid HTTPS URL
   - images.gallery.0: Invalid URL
   - images.gallery.0: Gallery images must be valid HTTPS URLs
   - images.gallery.1: Invalid URL
   - images.gallery.1: Gallery images must be valid HTTPS URLs
❌ [Validation Error] La Taverne de Zhao (Index: 1):
   - expert_catchline: Invalid input: expected string, received undefined
   - images.hero: Invalid URL
   - images.hero: Hero image must be a valid HTTPS URL
   - images.gallery.0: Invalid URL
   - images.gallery.0: Gallery images must be valid HTTPS URLs
   - images.gallery.1: Invalid URL
   - images.gallery.1: Gallery images must be valid HTTPS URLs
❌ [Validation Error] SOKCHO 牛者 (Index: 2):
   - expert_catchline: Invalid input: expected string, received undefined
   - images.hero: Invalid URL
   - images.hero: Hero image must be a valid HTTPS URL
   - images.gallery.0: Invalid URL
   - images.gallery.0: Gallery images must be valid HTTPS URLs
   - images.gallery.1: Invalid URL
   - images.gallery.1: Gallery images must be valid HTTPS URLs
❌ [Validation Error] L’Anticafé Louvre (Index: 3):
   - category: Invalid input: expected "restaurant"
   - subcategory.0: Invalid option: expected one of "vietnamien"|"japonais"|"français"|"bar à vin"|"pizzeria"|"bistronomie"|"italien"|"éthiopien"|"indien"|"pakistanais"|"asiatique"|"méditerranéen"|"terrasse"|"viande d'exception"|"ferme tard"
   - expert_catchline: Invalid input: expected string, received undefined
   - insider_tip: Insider tips must use 3 bullets format
   - specials.must_eat: Invalid input: expected string, received undefined
   - images.gallery: Minimum 2 gallery photos required
❌ [Validation Error] Kodawari Ramen (Tsukiji) (Index: 4):
   - expert_catchline: Invalid input: expected string, received undefined
   - images.hero: Invalid URL
   - images.hero: Hero image must be a valid HTTPS URL
   - images.gallery.0: Invalid URL
   - images.gallery.0: Gallery images must be valid HTTPS URLs
   - images.gallery.1: Invalid URL
   - images.gallery.1: Gallery images must be valid HTTPS URLs
❌ [Validation Error] La Dame de Pic (Index: 5):
   - expert_catchline: Invalid input: expected string, received undefined
   - insider_tip: Insider tips must use 3 bullets format
   - images.hero: Invalid URL
   - images.hero: Hero image must be a valid HTTPS URL
   - images.gallery.0: Invalid URL
   - images.gallery.0: Gallery images must be valid HTTPS URLs
   - images.gallery.1: Invalid URL
   - images.gallery.1: Gallery images must be valid HTTPS URLs
❌ [Validation Error] Café Kitsuné (Index: 6):
   - category: Invalid input: expected "restaurant"
   - subcategory.0: Invalid option: expected one of "vietnamien"|"japonais"|"français"|"bar à vin"|"pizzeria"|"bistronomie"|"italien"|"éthiopien"|"indien"|"pakistanais"|"asiatique"|"méditerranéen"|"terrasse"|"viande d'exception"|"ferme tard"
   - expert_catchline: Invalid input: expected string, received undefined
   - insider_tip: Insider tips must use 3 bullets format
   - specials.must_eat: Invalid input: expected string, received undefined
   - images.hero: Invalid URL
   - images.hero: Hero image must be a valid HTTPS URL
   - images.gallery: Minimum 2 gallery photos required
❌ [Validation Error] La Taverne de Zhao (Index: 7):
   - expert_catchline: Invalid input: expected string, received undefined
   - images.hero: Invalid URL
   - images.hero: Hero image must be a valid HTTPS URL
   - images.gallery.0: Invalid URL
   - images.gallery.0: Gallery images must be valid HTTPS URLs
   - images.gallery.1: Invalid URL
   - images.gallery.1: Gallery images must be valid HTTPS URLs
❌ [Validation Error] La Taverne de Zhao (Index: 8):
   - expert_catchline: Invalid input: expected string, received undefined
   - images.hero: Invalid URL
   - images.hero: Hero image must be a valid HTTPS URL
   - images.gallery.0: Invalid URL
   - images.gallery.0: Gallery images must be valid HTTPS URLs
   - images.gallery.1: Invalid URL
   - images.gallery.1: Gallery images must be valid HTTPS URLs
❌ [Validation Error] Rex Club (Index: 9):
   - category: Invalid input: expected "restaurant"
   - subcategory.0: Invalid option: expected one of "vietnamien"|"japonais"|"français"|"bar à vin"|"pizzeria"|"bistronomie"|"italien"|"éthiopien"|"indien"|"pakistanais"|"asiatique"|"méditerranéen"|"terrasse"|"viande d'exception"|"ferme tard"
   - expert_catchline: Invalid input: expected string, received undefined
   - insider_tip: Insider tips must use 3 bullets format
   - specials.must_eat: Invalid input: expected string, received undefined
   - images.hero: Invalid URL
   - images.hero: Hero image must be a valid HTTPS URL
   - images.gallery: Minimum 2 gallery photos required
❌ [Validation Error] Mademoiselle Mouche (Index: 10):
   - category: Invalid input: expected "restaurant"
   - subcategory.0: Invalid option: expected one of "vietnamien"|"japonais"|"français"|"bar à vin"|"pizzeria"|"bistronomie"|"italien"|"éthiopien"|"indien"|"pakistanais"|"asiatique"|"méditerranéen"|"terrasse"|"viande d'exception"|"ferme tard"
   - expert_catchline: Invalid input: expected string, received undefined
   - insider_tip: Insider tips must use 3 bullets format
   - specials.must_eat: Invalid input: expected string, received undefined
   - images.gallery: Minimum 2 gallery photos required
❌ [Validation Error] SUGO pasta fresca - Saint-Augustin (Index: 11):
   - expert_catchline: Invalid input: expected string, received undefined
   - images.hero: Invalid URL
   - images.hero: Hero image must be a valid HTTPS URL
   - images.gallery.0: Invalid URL
   - images.gallery.0: Gallery images must be valid HTTPS URLs
   - images.gallery.1: Invalid URL
   - images.gallery.1: Gallery images must be valid HTTPS URLs
❌ [Validation Error] Restaurant L’Oyat (Index: 12):
   - description: Description must be substantive (min 50 chars)
   - images.hero: Invalid URL
   - images.hero: Hero image must be a valid HTTPS URL
   - images.gallery.0: Invalid URL
   - images.gallery.0: Gallery images must be valid HTTPS URLs
   - images.gallery.1: Invalid URL
   - images.gallery.1: Gallery images must be valid HTTPS URLs
❌ [Validation Error] Fringe (Index: 13):
   - category: Invalid input: expected "restaurant"
   - subcategory.0: Invalid option: expected one of "vietnamien"|"japonais"|"français"|"bar à vin"|"pizzeria"|"bistronomie"|"italien"|"éthiopien"|"indien"|"pakistanais"|"asiatique"|"méditerranéen"|"terrasse"|"viande d'exception"|"ferme tard"
   - expert_catchline: Invalid input: expected string, received undefined
   - insider_tip: Insider tips must use 3 bullets format
   - specials.must_eat: Invalid input: expected string, received undefined
❌ [Validation Error] Boot Café (Index: 14):
   - category: Invalid input: expected "restaurant"
   - subcategory.0: Invalid option: expected one of "vietnamien"|"japonais"|"français"|"bar à vin"|"pizzeria"|"bistronomie"|"italien"|"éthiopien"|"indien"|"pakistanais"|"asiatique"|"méditerranéen"|"terrasse"|"viande d'exception"|"ferme tard"
   - expert_catchline: Invalid input: expected string, received undefined
   - insider_tip: Insider tips must use 3 bullets format
   - specials.must_eat: Invalid input: expected string, received undefined
❌ [Validation Error] Partisan Café Artisanal (Index: 15):
   - category: Invalid input: expected "restaurant"
   - subcategory.0: Invalid option: expected one of "vietnamien"|"japonais"|"français"|"bar à vin"|"pizzeria"|"bistronomie"|"italien"|"éthiopien"|"indien"|"pakistanais"|"asiatique"|"méditerranéen"|"terrasse"|"viande d'exception"|"ferme tard"
   - expert_catchline: Invalid input: expected string, received undefined
   - insider_tip: Insider tips must use 3 bullets format
   - specials.must_eat: Invalid input: expected string, received undefined
❌ [Validation Error] Serpent à Plume (Index: 16):
   - category: Invalid input: expected "restaurant"
   - subcategory.0: Invalid option: expected one of "vietnamien"|"japonais"|"français"|"bar à vin"|"pizzeria"|"bistronomie"|"italien"|"éthiopien"|"indien"|"pakistanais"|"asiatique"|"méditerranéen"|"terrasse"|"viande d'exception"|"ferme tard"
   - expert_catchline: Invalid input: expected string, received undefined
   - insider_tip: Insider tips must use 3 bullets format
   - specials.must_eat: Invalid input: expected string, received undefined
❌ [Validation Error] Merci (Index: 17):
   - category: Invalid input: expected "restaurant"
   - subcategory.0: Invalid option: expected one of "vietnamien"|"japonais"|"français"|"bar à vin"|"pizzeria"|"bistronomie"|"italien"|"éthiopien"|"indien"|"pakistanais"|"asiatique"|"méditerranéen"|"terrasse"|"viande d'exception"|"ferme tard"
   - expert_catchline: Invalid input: expected string, received undefined
   - insider_tip: Insider tips must use 3 bullets format
   - specials.must_eat: Invalid input: expected string, received undefined
❌ [Validation Error] L’As du Fallafel (Index: 18):
   - description: Description must be substantive (min 50 chars)
   - images.hero: Invalid URL
   - images.hero: Hero image must be a valid HTTPS URL
   - images.gallery.0: Invalid URL
   - images.gallery.0: Gallery images must be valid HTTPS URLs
   - images.gallery.1: Invalid URL
   - images.gallery.1: Gallery images must be valid HTTPS URLs
❌ [Validation Error] Le Bistrot de la Place (Index: 19):
   - description: Description must be substantive (min 50 chars)
   - images.hero: Invalid URL
   - images.hero: Hero image must be a valid HTTPS URL
   - images.gallery.0: Invalid URL
   - images.gallery.0: Gallery images must be valid HTTPS URLs
   - images.gallery.1: Invalid URL
   - images.gallery.1: Gallery images must be valid HTTPS URLs
❌ [Validation Error] Le Rempart Bastille (Index: 20):
   - pricing.menu_items.0.items.0.name: Straight apostrophes (') are forbidden in menu items name. Use ’ (U+2019).
   - expert_catchline: Invalid input: expected string, received undefined
   - images.hero: Invalid URL
   - images.hero: Hero image must be a valid HTTPS URL
   - images.gallery.0: Invalid URL
   - images.gallery.0: Gallery images must be valid HTTPS URLs
   - images.gallery.1: Invalid URL
   - images.gallery.1: Gallery images must be valid HTTPS URLs
❌ [Validation Error] Féria Café (Index: 21):
   - pricing.menu_items.2.items.2.name: Straight apostrophes (') are forbidden in menu items name. Use ’ (U+2019).
   - images.gallery: Minimum 2 gallery photos required
❌ [Validation Error] Centre Broca (FCPS & IREST) - Université Paris 1 Panthéon-Sorbonne (Index: 22):
   - description: Description must be substantive (min 50 chars)
   - expert_catchline: Invalid input: expected string, received undefined
   - images.hero: Invalid URL
   - images.hero: Hero image must be a valid HTTPS URL
   - images.gallery.0: Invalid URL
   - images.gallery.0: Gallery images must be valid HTTPS URLs
   - images.gallery.1: Invalid URL
   - images.gallery.1: Gallery images must be valid HTTPS URLs
❌ [Validation Error] Zaoka (Index: 23):
   - images.hero: Invalid URL
   - images.hero: Hero image must be a valid HTTPS URL
   - images.gallery.0: Invalid URL
   - images.gallery.0: Gallery images must be valid HTTPS URLs
   - images.gallery.1: Invalid URL
   - images.gallery.1: Gallery images must be valid HTTPS URLs
   - images.gallery.2: Invalid URL
   - images.gallery.2: Gallery images must be valid HTTPS URLs
❌ [Validation Error] Café de la Nouvelle Mairie (Index: 24):
   - category: Invalid input: expected "restaurant"
   - subcategory.0: Invalid option: expected one of "vietnamien"|"japonais"|"français"|"bar à vin"|"pizzeria"|"bistronomie"|"italien"|"éthiopien"|"indien"|"pakistanais"|"asiatique"|"méditerranéen"|"terrasse"|"viande d'exception"|"ferme tard"
   - expert_catchline: Invalid input: expected string, received undefined
   - insider_tip: Insider tips must use 3 bullets format
   - specials.must_eat: Invalid input: expected string, received undefined
   - images.gallery: Minimum 2 gallery photos required
❌ [Validation Error] Le Comptoir du Panthéon (Index: 25):
   - category: Invalid input: expected "restaurant"
   - subcategory.0: Invalid option: expected one of "vietnamien"|"japonais"|"français"|"bar à vin"|"pizzeria"|"bistronomie"|"italien"|"éthiopien"|"indien"|"pakistanais"|"asiatique"|"méditerranéen"|"terrasse"|"viande d'exception"|"ferme tard"
   - expert_catchline: Invalid input: expected string, received undefined
   - insider_tip: Insider tips must use 3 bullets format
   - specials.must_eat: Invalid input: expected string, received undefined
   - images.gallery: Minimum 2 gallery photos required
❌ [Validation Error] Le Royal (Index: 26):
   - subcategory.0: Invalid option: expected one of "vietnamien"|"japonais"|"français"|"bar à vin"|"pizzeria"|"bistronomie"|"italien"|"éthiopien"|"indien"|"pakistanais"|"asiatique"|"méditerranéen"|"terrasse"|"viande d'exception"|"ferme tard"
   - subcategory.1: Invalid option: expected one of "vietnamien"|"japonais"|"français"|"bar à vin"|"pizzeria"|"bistronomie"|"italien"|"éthiopien"|"indien"|"pakistanais"|"asiatique"|"méditerranéen"|"terrasse"|"viande d'exception"|"ferme tard"
   - subcategory.2: Invalid option: expected one of "vietnamien"|"japonais"|"français"|"bar à vin"|"pizzeria"|"bistronomie"|"italien"|"éthiopien"|"indien"|"pakistanais"|"asiatique"|"méditerranéen"|"terrasse"|"viande d'exception"|"ferme tard"
   - subcategory.4: Invalid option: expected one of "vietnamien"|"japonais"|"français"|"bar à vin"|"pizzeria"|"bistronomie"|"italien"|"éthiopien"|"indien"|"pakistanais"|"asiatique"|"méditerranéen"|"terrasse"|"viande d'exception"|"ferme tard"
   - expert_catchline: Invalid input: expected string, received undefined
   - insider_tip: Insider tips must use 3 bullets format
   - images.gallery: Minimum 2 gallery photos required
❌ [Validation Error] L’Époque (Index: 27):
   - subcategory.1: Invalid option: expected one of "vietnamien"|"japonais"|"français"|"bar à vin"|"pizzeria"|"bistronomie"|"italien"|"éthiopien"|"indien"|"pakistanais"|"asiatique"|"méditerranéen"|"terrasse"|"viande d'exception"|"ferme tard"
   - subcategory.2: Invalid option: expected one of "vietnamien"|"japonais"|"français"|"bar à vin"|"pizzeria"|"bistronomie"|"italien"|"éthiopien"|"indien"|"pakistanais"|"asiatique"|"méditerranéen"|"terrasse"|"viande d'exception"|"ferme tard"
   - expert_catchline: Invalid input: expected string, received undefined
   - specials.must_eat: must_eat must start with 'Cuisine [Type]. [Plat]' format
❌ [Validation Error] Rim Café (Index: 28):
   - subcategory.1: Invalid option: expected one of "vietnamien"|"japonais"|"français"|"bar à vin"|"pizzeria"|"bistronomie"|"italien"|"éthiopien"|"indien"|"pakistanais"|"asiatique"|"méditerranéen"|"terrasse"|"viande d'exception"|"ferme tard"
   - subcategory.2: Invalid option: expected one of "vietnamien"|"japonais"|"français"|"bar à vin"|"pizzeria"|"bistronomie"|"italien"|"éthiopien"|"indien"|"pakistanais"|"asiatique"|"méditerranéen"|"terrasse"|"viande d'exception"|"ferme tard"
   - subcategory.3: Invalid option: expected one of "vietnamien"|"japonais"|"français"|"bar à vin"|"pizzeria"|"bistronomie"|"italien"|"éthiopien"|"indien"|"pakistanais"|"asiatique"|"méditerranéen"|"terrasse"|"viande d'exception"|"ferme tard"
   - subcategory.5: Invalid option: expected one of "vietnamien"|"japonais"|"français"|"bar à vin"|"pizzeria"|"bistronomie"|"italien"|"éthiopien"|"indien"|"pakistanais"|"asiatique"|"méditerranéen"|"terrasse"|"viande d'exception"|"ferme tard"
   - expert_catchline: Invalid input: expected string, received undefined
   - specials.must_eat: must_eat must start with 'Cuisine [Type]. [Plat]' format
❌ [Validation Error] Shakespeare and Company Café (Index: 29):
   - category: Invalid input: expected "restaurant"
   - subcategory.0: Invalid option: expected one of "vietnamien"|"japonais"|"français"|"bar à vin"|"pizzeria"|"bistronomie"|"italien"|"éthiopien"|"indien"|"pakistanais"|"asiatique"|"méditerranéen"|"terrasse"|"viande d'exception"|"ferme tard"
   - expert_catchline: Invalid input: expected string, received undefined
   - insider_tip: Insider tips must use 3 bullets format
   - specials.must_eat: Invalid input: expected string, received undefined
   - images.gallery: Minimum 2 gallery photos required
❌ [Validation Error] Ducky’s (Index: 30):
   - expert_catchline: Invalid input: expected string, received undefined
   - images.hero: Invalid URL
   - images.hero: Hero image must be a valid HTTPS URL
   - images.gallery.0: Invalid URL
   - images.gallery.0: Gallery images must be valid HTTPS URLs
   - images.gallery.1: Invalid URL
   - images.gallery.1: Gallery images must be valid HTTPS URLs
❌ [Validation Error] Le Petit Bouillon Vavin (Index: 31):
   - expert_catchline: Invalid input: expected string, received undefined
   - images.hero: Invalid URL
   - images.hero: Hero image must be a valid HTTPS URL
   - images.gallery.0: Invalid URL
   - images.gallery.0: Gallery images must be valid HTTPS URLs
   - images.gallery.1: Invalid URL
   - images.gallery.1: Gallery images must be valid HTTPS URLs
❌ [Validation Error] La Taverne de Zhao (Index: 32):
   - expert_catchline: Invalid input: expected string, received undefined
   - images.hero: Invalid URL
   - images.hero: Hero image must be a valid HTTPS URL
   - images.gallery.0: Invalid URL
   - images.gallery.0: Gallery images must be valid HTTPS URLs
   - images.gallery.1: Invalid URL
   - images.gallery.1: Gallery images must be valid HTTPS URLs
❌ [Validation Error] Café de la Mairie (Index: 33):
   - category: Invalid input: expected "restaurant"
   - subcategory.0: Invalid option: expected one of "vietnamien"|"japonais"|"français"|"bar à vin"|"pizzeria"|"bistronomie"|"italien"|"éthiopien"|"indien"|"pakistanais"|"asiatique"|"méditerranéen"|"terrasse"|"viande d'exception"|"ferme tard"
   - expert_catchline: Invalid input: expected string, received undefined
   - insider_tip: Insider tips must use 3 bullets format
   - specials.must_eat: Invalid input: expected string, received undefined
   - images.gallery: Minimum 2 gallery photos required
❌ [Validation Error] Joayo Luxembourg (Index: 34):
   - subcategory.0: Invalid option: expected one of "vietnamien"|"japonais"|"français"|"bar à vin"|"pizzeria"|"bistronomie"|"italien"|"éthiopien"|"indien"|"pakistanais"|"asiatique"|"méditerranéen"|"terrasse"|"viande d'exception"|"ferme tard"
   - subcategory.1: Invalid option: expected one of "vietnamien"|"japonais"|"français"|"bar à vin"|"pizzeria"|"bistronomie"|"italien"|"éthiopien"|"indien"|"pakistanais"|"asiatique"|"méditerranéen"|"terrasse"|"viande d'exception"|"ferme tard"
   - subcategory.2: Invalid option: expected one of "vietnamien"|"japonais"|"français"|"bar à vin"|"pizzeria"|"bistronomie"|"italien"|"éthiopien"|"indien"|"pakistanais"|"asiatique"|"méditerranéen"|"terrasse"|"viande d'exception"|"ferme tard"
   - subcategory.3: Invalid option: expected one of "vietnamien"|"japonais"|"français"|"bar à vin"|"pizzeria"|"bistronomie"|"italien"|"éthiopien"|"indien"|"pakistanais"|"asiatique"|"méditerranéen"|"terrasse"|"viande d'exception"|"ferme tard"
   - expert_catchline: Invalid input: expected string, received undefined
   - specials.must_eat: must_eat must start with 'Cuisine [Type]. [Plat]' format
❌ [Validation Error] Les Éditeurs (Index: 35):
   - category: Invalid input: expected "restaurant"
   - subcategory.0: Invalid option: expected one of "vietnamien"|"japonais"|"français"|"bar à vin"|"pizzeria"|"bistronomie"|"italien"|"éthiopien"|"indien"|"pakistanais"|"asiatique"|"méditerranéen"|"terrasse"|"viande d'exception"|"ferme tard"
   - expert_catchline: Invalid input: expected string, received undefined
   - insider_tip: Insider tips must use 3 bullets format
   - specials.must_eat: Invalid input: expected string, received undefined
   - images.gallery: Minimum 2 gallery photos required
❌ [Validation Error] Le Relais de l’Entrecôte (Index: 36):
   - insider_tip: Insider tips must use 3 bullets format
   - specials.must_eat: must_eat must start with 'Cuisine [Type]. [Plat]' format
❌ [Validation Error] Café de Flore (Index: 37):
   - category: Invalid input: expected "restaurant"
   - subcategory.0: Invalid option: expected one of "vietnamien"|"japonais"|"français"|"bar à vin"|"pizzeria"|"bistronomie"|"italien"|"éthiopien"|"indien"|"pakistanais"|"asiatique"|"méditerranéen"|"terrasse"|"viande d'exception"|"ferme tard"
   - expert_catchline: Invalid input: expected string, received undefined
   - insider_tip: Insider tips must use 3 bullets format
   - specials.must_eat: must_eat must start with 'Cuisine [Type]. [Plat]' format
   - images.gallery: Minimum 2 gallery photos required
❌ [Validation Error] Les Deux Magots (Index: 38):
   - category: Invalid input: expected "restaurant"
   - subcategory.0: Invalid option: expected one of "vietnamien"|"japonais"|"français"|"bar à vin"|"pizzeria"|"bistronomie"|"italien"|"éthiopien"|"indien"|"pakistanais"|"asiatique"|"méditerranéen"|"terrasse"|"viande d'exception"|"ferme tard"
   - expert_catchline: Invalid input: expected string, received undefined
   - insider_tip: Insider tips must use 3 bullets format
   - specials.must_eat: must_eat must start with 'Cuisine [Type]. [Plat]' format
   - images.gallery: Minimum 2 gallery photos required
❌ [Validation Error] Le Coucou Paris (Index: 39):
   - images.hero: Invalid URL
   - images.hero: Hero image must be a valid HTTPS URL
   - images.gallery.0: Invalid URL
   - images.gallery.0: Gallery images must be valid HTTPS URLs
   - images.gallery.1: Invalid URL
   - images.gallery.1: Gallery images must be valid HTTPS URLs
   - images.gallery.2: Invalid URL
   - images.gallery.2: Gallery images must be valid HTTPS URLs
   - images.gallery.3: Invalid URL
   - images.gallery.3: Gallery images must be valid HTTPS URLs
❌ [Validation Error] Les Botanistes (Index: 40):
   - subcategory: subcategory cannot be empty
   - description: Description must be substantive (min 50 chars)
   - images.hero: Invalid URL
   - images.hero: Hero image must be a valid HTTPS URL
   - images.gallery.0: Invalid URL
   - images.gallery.0: Gallery images must be valid HTTPS URLs
   - images.gallery.1: Invalid URL
   - images.gallery.1: Gallery images must be valid HTTPS URLs
❌ [Validation Error] Le Café du Marché (Index: 41):
   - category: Invalid input: expected "restaurant"
   - subcategory.0: Invalid option: expected one of "vietnamien"|"japonais"|"français"|"bar à vin"|"pizzeria"|"bistronomie"|"italien"|"éthiopien"|"indien"|"pakistanais"|"asiatique"|"méditerranéen"|"terrasse"|"viande d'exception"|"ferme tard"
   - expert_catchline: Invalid input: expected string, received undefined
   - insider_tip: Insider tips must use 3 bullets format
   - specials.must_eat: Invalid input: expected string, received undefined
   - images.gallery: Minimum 2 gallery photos required
❌ [Validation Error] Coutume Café (Index: 42):
   - category: Invalid input: expected "restaurant"
   - subcategory.0: Invalid option: expected one of "vietnamien"|"japonais"|"français"|"bar à vin"|"pizzeria"|"bistronomie"|"italien"|"éthiopien"|"indien"|"pakistanais"|"asiatique"|"méditerranéen"|"terrasse"|"viande d'exception"|"ferme tard"
   - expert_catchline: Invalid input: expected string, received undefined
   - insider_tip: Insider tips must use 3 bullets format
   - specials.must_eat: Invalid input: expected string, received undefined
   - images.gallery: Minimum 2 gallery photos required
❌ [Validation Error] Buddy Buddy (Index: 43):
   - category: Invalid input: expected "restaurant"
   - subcategory.0: Invalid option: expected one of "vietnamien"|"japonais"|"français"|"bar à vin"|"pizzeria"|"bistronomie"|"italien"|"éthiopien"|"indien"|"pakistanais"|"asiatique"|"méditerranéen"|"terrasse"|"viande d'exception"|"ferme tard"
   - expert_catchline: Invalid input: expected string, received undefined
   - insider_tip: Insider tips must use 3 bullets format
   - specials.must_eat: Invalid input: expected string, received undefined
   - images.gallery: Minimum 2 gallery photos required
❌ [Validation Error] Carette Place des Ternes (Index: 44):
   - category: Invalid input: expected "restaurant"
   - subcategory.0: Invalid option: expected one of "vietnamien"|"japonais"|"français"|"bar à vin"|"pizzeria"|"bistronomie"|"italien"|"éthiopien"|"indien"|"pakistanais"|"asiatique"|"méditerranéen"|"terrasse"|"viande d'exception"|"ferme tard"
   - expert_catchline: Invalid input: expected string, received undefined
   - insider_tip: Insider tips must use 3 bullets format
   - specials.must_eat: Invalid input: expected string, received undefined
   - images.gallery: Minimum 2 gallery photos required
❌ [Validation Error] La Maison de l’Aubrac (Index: 45):
   - subcategory.0: Invalid option: expected one of "vietnamien"|"japonais"|"français"|"bar à vin"|"pizzeria"|"bistronomie"|"italien"|"éthiopien"|"indien"|"pakistanais"|"asiatique"|"méditerranéen"|"terrasse"|"viande d'exception"|"ferme tard"
   - subcategory.1: Invalid option: expected one of "vietnamien"|"japonais"|"français"|"bar à vin"|"pizzeria"|"bistronomie"|"italien"|"éthiopien"|"indien"|"pakistanais"|"asiatique"|"méditerranéen"|"terrasse"|"viande d'exception"|"ferme tard"
   - subcategory.2: Invalid option: expected one of "vietnamien"|"japonais"|"français"|"bar à vin"|"pizzeria"|"bistronomie"|"italien"|"éthiopien"|"indien"|"pakistanais"|"asiatique"|"méditerranéen"|"terrasse"|"viande d'exception"|"ferme tard"
   - subcategory.3: Invalid option: expected one of "vietnamien"|"japonais"|"français"|"bar à vin"|"pizzeria"|"bistronomie"|"italien"|"éthiopien"|"indien"|"pakistanais"|"asiatique"|"méditerranéen"|"terrasse"|"viande d'exception"|"ferme tard"
   - subcategory.5: Invalid option: expected one of "vietnamien"|"japonais"|"français"|"bar à vin"|"pizzeria"|"bistronomie"|"italien"|"éthiopien"|"indien"|"pakistanais"|"asiatique"|"méditerranéen"|"terrasse"|"viande d'exception"|"ferme tard"
   - pricing.menu_items.2.items.1.price_cents: Invalid input: expected number, received undefined
   - expert_catchline: Invalid input: expected string, received undefined
❌ [Validation Error] Raspoutine (Index: 46):
   - category: Invalid input: expected "restaurant"
   - subcategory.0: Invalid option: expected one of "vietnamien"|"japonais"|"français"|"bar à vin"|"pizzeria"|"bistronomie"|"italien"|"éthiopien"|"indien"|"pakistanais"|"asiatique"|"méditerranéen"|"terrasse"|"viande d'exception"|"ferme tard"
   - expert_catchline: Invalid input: expected string, received undefined
   - insider_tip: Insider tips must use 3 bullets format
   - specials.must_eat: Invalid input: expected string, received undefined
   - images.gallery: Minimum 2 gallery photos required
❌ [Validation Error] Benjamin Schmitt Restaurant (Index: 47):
   - description: Description must be substantive (min 50 chars)
   - images.hero: Invalid URL
   - images.hero: Hero image must be a valid HTTPS URL
   - images.gallery.0: Invalid URL
   - images.gallery.0: Gallery images must be valid HTTPS URLs
   - images.gallery.1: Invalid URL
   - images.gallery.1: Gallery images must be valid HTTPS URLs
❌ [Validation Error] Braisenville (Index: 48):
   - pricing.menu_items.5.items.1.name: Straight apostrophes (') are forbidden in menu items name. Use ’ (U+2019).
   - expert_catchline: Invalid input: expected string, received undefined
   - specials.must_eat: must_eat must start with 'Cuisine [Type]. [Plat]' format
❌ [Validation Error] Buvette Paris (Index: 49):
   - pricing.menu_items.0.items.3.name: Straight apostrophes (') are forbidden in menu items name. Use ’ (U+2019).
   - expert_catchline: Invalid input: expected string, received undefined
   - specials.must_eat: must_eat must start with 'Cuisine [Type]. [Plat]' format
❌ [Validation Error] Caillebotte (Index: 50):
   - expert_catchline: Invalid input: expected string, received undefined
   - specials.must_eat: must_eat must start with 'Cuisine [Type]. [Plat]' format
   - images.hero: Invalid URL
   - images.hero: Hero image must be a valid HTTPS URL
   - images.gallery.0: Invalid URL
   - images.gallery.0: Gallery images must be valid HTTPS URLs
   - images.gallery.1: Invalid URL
   - images.gallery.1: Gallery images must be valid HTTPS URLs
❌ [Validation Error] La Condesa (Index: 51):
   - pricing.menu_items.0.items.7.name: Straight apostrophes (') are forbidden in menu items name. Use ’ (U+2019).
   - pricing.menu_items.4.items.0.name: Straight apostrophes (') are forbidden in menu items name. Use ’ (U+2019).
   - pricing.menu_items.4.items.2.name: Straight apostrophes (') are forbidden in menu items name. Use ’ (U+2019).
   - expert_catchline: Invalid input: expected string, received undefined
   - specials.must_eat: must_eat must start with 'Cuisine [Type]. [Plat]' format
❌ [Validation Error] Cuisine (Index: 52):
   - pricing.menu_items.4.items.2.name: Straight apostrophes (') are forbidden in menu items name. Use ’ (U+2019).
   - expert_catchline: Invalid input: expected string, received undefined
   - specials.must_eat: must_eat must start with 'Cuisine [Type]. [Plat]' format
❌ [Validation Error] Il Cuoco Galante (Index: 53):
   - pricing.menu_items.4.items.0.name: Straight apostrophes (') are forbidden in menu items name. Use ’ (U+2019).
   - pricing.menu_items.5.items.0.name: Straight apostrophes (') are forbidden in menu items name. Use ’ (U+2019).
   - expert_catchline: Invalid input: expected string, received undefined
   - specials.must_eat: must_eat must start with 'Cuisine [Type]. [Plat]' format
❌ [Validation Error] L’Office (Index: 54):
   - expert_catchline: Invalid input: expected string, received undefined
   - specials.must_eat: must_eat must start with 'Cuisine [Type]. [Plat]' format
❌ [Validation Error] Le Pantruche (Index: 55):
   - expert_catchline: Invalid input: expected string, received undefined
   - specials.must_eat: must_eat must start with 'Cuisine [Type]. [Plat]' format
❌ [Validation Error] Pink Mamma (Index: 56):
   - pricing.menu_items.1.items.4.name: Straight apostrophes (') are forbidden in menu items name. Use ’ (U+2019).
   - expert_catchline: Invalid input: expected string, received undefined
   - specials.must_eat: must_eat must start with 'Cuisine [Type]. [Plat]' format
❌ [Validation Error] Le Richer (Index: 57):
   - pricing.menu_items.2.items.4.name: Straight apostrophes (') are forbidden in menu items name. Use ’ (U+2019).
   - expert_catchline: Invalid input: expected string, received undefined
   - specials.must_eat: must_eat must start with 'Cuisine [Type]. [Plat]' format
❌ [Validation Error] Le Carmen (Index: 58):
   - category: Invalid input: expected "restaurant"
   - subcategory.0: Invalid option: expected one of "vietnamien"|"japonais"|"français"|"bar à vin"|"pizzeria"|"bistronomie"|"italien"|"éthiopien"|"indien"|"pakistanais"|"asiatique"|"méditerranéen"|"terrasse"|"viande d'exception"|"ferme tard"
   - expert_catchline: Invalid input: expected string, received undefined
   - insider_tip: Insider tips must use 3 bullets format
   - specials.must_eat: Invalid input: expected string, received undefined
   - images.hero: Invalid URL
   - images.hero: Hero image must be a valid HTTPS URL
   - images.gallery: Minimum 2 gallery photos required
❌ [Validation Error] La Mano (Index: 59):
   - description: Description must be substantive (min 50 chars)
   - images.hero: Invalid URL
   - images.hero: Hero image must be a valid HTTPS URL
   - images.gallery.0: Invalid URL
   - images.gallery.0: Gallery images must be valid HTTPS URLs
   - images.gallery.1: Invalid URL
   - images.gallery.1: Gallery images must be valid HTTPS URLs
❌ [Validation Error] Comptoir Sur Mer (Index: 60):
   - expert_catchline: Invalid input: expected string, received undefined
   - specials.must_eat: must_eat must start with 'Cuisine [Type]. [Plat]' format
   - images.hero: Invalid URL
   - images.hero: Hero image must be a valid HTTPS URL
   - images.gallery.0: Invalid URL
   - images.gallery.0: Gallery images must be valid HTTPS URLs
   - images.gallery.1: Invalid URL
   - images.gallery.1: Gallery images must be valid HTTPS URLs
❌ [Validation Error] Early June (Index: 61):
   - pricing.menu_items.4.items.2.name: Straight apostrophes (') are forbidden in menu items name. Use ’ (U+2019).
   - expert_catchline: Invalid input: expected string, received undefined
   - specials.must_eat: must_eat must start with 'Cuisine [Type]. [Plat]' format
❌ [Validation Error] L’Avant-Poste (nouvellement Les Résistants - La Table) (Index: 62):
   - description: Description must be substantive (min 50 chars)
   - expert_catchline: Invalid input: expected string, received undefined
   - images.hero: Invalid URL
   - images.hero: Hero image must be a valid HTTPS URL
   - images.gallery.0: Invalid URL
   - images.gallery.0: Gallery images must be valid HTTPS URLs
   - images.gallery.1: Invalid URL
   - images.gallery.1: Gallery images must be valid HTTPS URLs
❌ [Validation Error] Le Galopin (Index: 63):
   - pricing.menu_items.3.items.5.name: Straight apostrophes (') are forbidden in menu items name. Use ’ (U+2019).
   - expert_catchline: Invalid input: expected string, received undefined
   - specials.must_eat: must_eat must start with 'Cuisine [Type]. [Plat]' format
❌ [Validation Error] Le Verre Volé (Index: 64):
   - expert_catchline: Invalid input: expected string, received undefined
   - specials.must_eat: must_eat must start with 'Cuisine [Type]. [Plat]' format
❌ [Validation Error] Tanguy (Index: 65):
   - pricing.menu_items.0.items.5.name: Straight apostrophes (') are forbidden in menu items name. Use ’ (U+2019).
   - pricing.menu_items.1.items.4.name: Straight apostrophes (') are forbidden in menu items name. Use ’ (U+2019).
   - expert_catchline: Invalid input: expected string, received undefined
   - specials.must_eat: must_eat must start with 'Cuisine [Type]. [Plat]' format
❌ [Validation Error] La Taverne de Zhao (Index: 66):
   - expert_catchline: Invalid input: expected string, received undefined
   - images.hero: Invalid URL
   - images.hero: Hero image must be a valid HTTPS URL
   - images.gallery.0: Invalid URL
   - images.gallery.0: Gallery images must be valid HTTPS URLs
   - images.gallery.1: Invalid URL
   - images.gallery.1: Gallery images must be valid HTTPS URLs
❌ [Validation Error] Chez Maman (Index: 67):
   - images.gallery: Minimum 2 gallery photos required
❌ [Validation Error] Bouillon Chartier Gare de l’Est (Index: 68):
   - expert_catchline: Invalid input: expected string, received undefined
   - images.hero: Invalid URL
   - images.hero: Hero image must be a valid HTTPS URL
   - images.gallery.0: Invalid URL
   - images.gallery.0: Gallery images must be valid HTTPS URLs
   - images.gallery.1: Invalid URL
   - images.gallery.1: Gallery images must be valid HTTPS URLs
❌ [Validation Error] Café A (Index: 69):
   - category: Invalid input: expected "restaurant"
   - subcategory.0: Invalid option: expected one of "vietnamien"|"japonais"|"français"|"bar à vin"|"pizzeria"|"bistronomie"|"italien"|"éthiopien"|"indien"|"pakistanais"|"asiatique"|"méditerranéen"|"terrasse"|"viande d'exception"|"ferme tard"
   - expert_catchline: Invalid input: expected string, received undefined
   - insider_tip: Insider tips must use 3 bullets format
   - specials.must_eat: Invalid input: expected string, received undefined
   - images.gallery: Minimum 2 gallery photos required
❌ [Validation Error] Ten Belles (Index: 70):
   - category: Invalid input: expected "restaurant"
   - subcategory.0: Invalid option: expected one of "vietnamien"|"japonais"|"français"|"bar à vin"|"pizzeria"|"bistronomie"|"italien"|"éthiopien"|"indien"|"pakistanais"|"asiatique"|"méditerranéen"|"terrasse"|"viande d'exception"|"ferme tard"
   - expert_catchline: Invalid input: expected string, received undefined
   - insider_tip: Insider tips must use 3 bullets format
   - specials.must_eat: Invalid input: expected string, received undefined
❌ [Validation Error] Cavale (Index: 71):
   - images.gallery: Minimum 2 gallery photos required
❌ [Validation Error] L’Attirail Café (Index: 72):
   - category: Invalid input: expected "restaurant"
   - subcategory.0: Invalid option: expected one of "vietnamien"|"japonais"|"français"|"bar à vin"|"pizzeria"|"bistronomie"|"italien"|"éthiopien"|"indien"|"pakistanais"|"asiatique"|"méditerranéen"|"terrasse"|"viande d'exception"|"ferme tard"
   - subcategory.1: Invalid option: expected one of "vietnamien"|"japonais"|"français"|"bar à vin"|"pizzeria"|"bistronomie"|"italien"|"éthiopien"|"indien"|"pakistanais"|"asiatique"|"méditerranéen"|"terrasse"|"viande d'exception"|"ferme tard"
   - expert_catchline: Invalid input: expected string, received undefined
   - insider_tip: Insider tips must use 3 bullets format
   - specials.must_eat: must_eat must start with 'Cuisine [Type]. [Plat]' format
   - images.gallery: Minimum 2 gallery photos required
❌ [Validation Error] Sot l’y Laisse (Index: 74):
   - insider_tip: Insider tips must use 3 bullets format
   - specials.must_eat: must_eat must start with 'Cuisine [Type]. [Plat]' format
   - images.gallery: Minimum 2 gallery photos required
❌ [Validation Error] Biondi (Index: 75):
   - specials.must_eat: must_eat must start with 'Cuisine [Type]. [Plat]' format
❌ [Validation Error] Clown Bar (Index: 76):
   - pricing.menu_items.0.items.1.name: Straight apostrophes (') are forbidden in menu items name. Use ’ (U+2019).
   - specials.must_eat: must_eat must start with 'Cuisine [Type]. [Plat]' format
❌ [Validation Error] Folderol (Index: 77):
   - specials.must_eat: must_eat must start with 'Cuisine [Type]. [Plat]' format
   - images.gallery: Minimum 2 gallery photos required
❌ [Validation Error] Goguette (Index: 78):
   - specials.must_eat: must_eat must start with 'Cuisine [Type]. [Plat]' format
❌ [Validation Error] Korus (Index: 79):
   - specials.must_eat: must_eat must start with 'Cuisine [Type]. [Plat]' format
❌ [MENU GATE ERROR] Kubri: Only 17 priced items. (Requirement: 20).
❌ [SUBSTANCE ERROR] Kubri: Only 4 main dishes found. (Requirement: 5).
❌ [Validation Error] A La Renaissance (Index: 82):
   - pricing.menu_items.0.items.0.name: Straight apostrophes (') are forbidden in menu items name. Use ’ (U+2019).
   - pricing.menu_items.1.items.4.name: Straight apostrophes (') are forbidden in menu items name. Use ’ (U+2019).
   - pricing.menu_items.3.items.4.name: Straight apostrophes (') are forbidden in menu items name. Use ’ (U+2019).
   - expert_catchline: Invalid input: expected string, received undefined
   - specials.must_eat: must_eat must start with 'Cuisine [Type]. [Plat]' format
❌ [Validation Error] Epicerie Hectare (Index: 83):
   - description: Description must be substantive (min 50 chars)
   - images.hero: Invalid URL
   - images.hero: Hero image must be a valid HTTPS URL
   - images.gallery.0: Invalid URL
   - images.gallery.0: Gallery images must be valid HTTPS URLs
   - images.gallery.1: Invalid URL
   - images.gallery.1: Gallery images must be valid HTTPS URLs
❌ [Validation Error] Masaikuta (Index: 84):
   - pricing.menu_items.3.items.0.name: Straight apostrophes (') are forbidden in menu items name. Use ’ (U+2019).
   - pricing.menu_items.3.items.3.name: Straight apostrophes (') are forbidden in menu items name. Use ’ (U+2019).
   - pricing.menu_items.3.items.4.name: Straight apostrophes (') are forbidden in menu items name. Use ’ (U+2019).
   - expert_catchline: Invalid input: expected string, received undefined
   - specials.must_eat: must_eat must start with 'Cuisine [Type]. [Plat]' format
❌ [Validation Error] Présent (Index: 85):
   - pricing.menu_items.1.items.1.name: Straight apostrophes (') are forbidden in menu items name. Use ’ (U+2019).
   - pricing.menu_items.3.items.1.name: Straight apostrophes (') are forbidden in menu items name. Use ’ (U+2019).
   - expert_catchline: Invalid input: expected string, received undefined
   - specials.must_eat: must_eat must start with 'Cuisine [Type]. [Plat]' format
❌ [Validation Error] Sababa - Le goût de la paix (Index: 86):
   - description: Description must be substantive (min 50 chars)
   - expert_catchline: Invalid input: expected string, received undefined
   - images.hero: Invalid URL
   - images.hero: Hero image must be a valid HTTPS URL
   - images.gallery.0: Invalid URL
   - images.gallery.0: Gallery images must be valid HTTPS URLs
   - images.gallery.1: Invalid URL
   - images.gallery.1: Gallery images must be valid HTTPS URLs
❌ [Validation Error] La Taverne de Zhao (Index: 87):
   - images.hero: Invalid URL
   - images.hero: Hero image must be a valid HTTPS URL
   - images.gallery.0: Invalid URL
   - images.gallery.0: Gallery images must be valid HTTPS URLs
   - images.gallery.1: Invalid URL
   - images.gallery.1: Gallery images must be valid HTTPS URLs
❌ [Validation Error] Badaboum (Index: 88):
   - category: Invalid input: expected "restaurant"
   - subcategory.0: Invalid option: expected one of "vietnamien"|"japonais"|"français"|"bar à vin"|"pizzeria"|"bistronomie"|"italien"|"éthiopien"|"indien"|"pakistanais"|"asiatique"|"méditerranéen"|"terrasse"|"viande d'exception"|"ferme tard"
   - subcategory.1: Invalid option: expected one of "vietnamien"|"japonais"|"français"|"bar à vin"|"pizzeria"|"bistronomie"|"italien"|"éthiopien"|"indien"|"pakistanais"|"asiatique"|"méditerranéen"|"terrasse"|"viande d'exception"|"ferme tard"
   - subcategory.2: Invalid option: expected one of "vietnamien"|"japonais"|"français"|"bar à vin"|"pizzeria"|"bistronomie"|"italien"|"éthiopien"|"indien"|"pakistanais"|"asiatique"|"méditerranéen"|"terrasse"|"viande d'exception"|"ferme tard"
   - subcategory.3: Invalid option: expected one of "vietnamien"|"japonais"|"français"|"bar à vin"|"pizzeria"|"bistronomie"|"italien"|"éthiopien"|"indien"|"pakistanais"|"asiatique"|"méditerranéen"|"terrasse"|"viande d'exception"|"ferme tard"
   - insider_tip: Insider tips must use 3 bullets format
   - specials.must_eat: must_eat must start with 'Cuisine [Type]. [Plat]' format
❌ [Validation Error] Brasserie Rosie (Index: 89):
   - specials.must_eat: must_eat must start with 'Cuisine [Type]. [Plat]' format
❌ [Validation Error] East Mamma (Index: 90):
   - specials.must_eat: must_eat must start with 'Cuisine [Type]. [Plat]' format
   - images.gallery: Minimum 2 gallery photos required
❌ [Validation Error] Jamrock (Index: 91):
   - insider_tip: Insider tips must use 3 bullets format
   - specials.must_eat: must_eat must start with 'Cuisine [Type]. [Plat]' format
   - images.gallery: Minimum 2 gallery photos required
❌ [Validation Error] Moonshiner (Index: 92):
   - specials.must_eat: must_eat must start with 'Cuisine [Type]. [Plat]' format
❌ [Validation Error] Osteria Gòto (Index: 93):
   - pricing.menu_items.2.items.3.name: Straight apostrophes (') are forbidden in menu items name. Use ’ (U+2019).
   - insider_tip: Insider tips must use 3 bullets format
   - specials.must_eat: must_eat must start with 'Cuisine [Type]. [Plat]' format
   - images.gallery: Minimum 2 gallery photos required
❌ [Validation Error] Petit Bao - Bastille (Index: 94):
   - insider_tip: Insider tips must use 3 bullets format
   - specials.must_eat: must_eat must start with 'Cuisine [Type]. [Plat]' format
   - images.gallery: Minimum 2 gallery photos required
❌ [Validation Error] L’Atelier Saisonnier (Index: 95):
   - specials.must_eat: must_eat must start with 'Cuisine [Type]. [Plat]' format
   - images.gallery: Minimum 2 gallery photos required
❌ [Validation Error] Confluence (Index: 96):
   - insider_tip: Insider tips must use 3 bullets format
   - specials.must_eat: must_eat must start with 'Cuisine [Type]. [Plat]' format
   - images.gallery: Minimum 2 gallery photos required
❌ [Validation Error] Dersou (Index: 97):
   - specials.must_eat: must_eat must start with 'Cuisine [Type]. [Plat]' format
   - images.gallery: Minimum 2 gallery photos required
❌ [Validation Error] Le Pure Café (Index: 98):
   - subcategory.0: Invalid option: expected one of "vietnamien"|"japonais"|"français"|"bar à vin"|"pizzeria"|"bistronomie"|"italien"|"éthiopien"|"indien"|"pakistanais"|"asiatique"|"méditerranéen"|"terrasse"|"viande d'exception"|"ferme tard"
   - subcategory.1: Invalid option: expected one of "vietnamien"|"japonais"|"français"|"bar à vin"|"pizzeria"|"bistronomie"|"italien"|"éthiopien"|"indien"|"pakistanais"|"asiatique"|"méditerranéen"|"terrasse"|"viande d'exception"|"ferme tard"
   - subcategory.3: Invalid option: expected one of "vietnamien"|"japonais"|"français"|"bar à vin"|"pizzeria"|"bistronomie"|"italien"|"éthiopien"|"indien"|"pakistanais"|"asiatique"|"méditerranéen"|"terrasse"|"viande d'exception"|"ferme tard"
   - insider_tip: Insider tips must use 3 bullets format
   - specials.must_eat: must_eat must start with 'Cuisine [Type]. [Plat]' format
❌ [Validation Error] Petit Nuage (Index: 99):
   - specials.must_eat: must_eat must start with 'Cuisine [Type]. [Plat]' format
   - images.gallery: Minimum 2 gallery photos required
❌ [SUBSTANCE ERROR] Café du Coin: Only 2 main dishes found. (Requirement: 5).
❌ [Validation Error] Clamato (Index: 101):
   - pricing.menu_items.1.items.4.name: Straight apostrophes (') are forbidden in menu items name. Use ’ (U+2019).
   - pricing.menu_items.3.items.3.name: Straight apostrophes (') are forbidden in menu items name. Use ’ (U+2019).
   - pricing.menu_items.4.items.2.name: Straight apostrophes (') are forbidden in menu items name. Use ’ (U+2019).
   - specials.must_eat: must_eat must start with 'Cuisine [Type]. [Plat]' format
❌ [Validation Error] L’Écailler du Bistrot (Index: 102):
   - specials.must_eat: must_eat must start with 'Cuisine [Type]. [Plat]' format
❌ [Validation Error] Le 6 Paul Bert (Index: 103):
   - pricing.menu_items.4.items.2.name: Straight apostrophes (') are forbidden in menu items name. Use ’ (U+2019).
❌ [Validation Error] Le Chardenoux (Index: 104):
   - pricing.menu_items.3.items.0.name: Straight apostrophes (') are forbidden in menu items name. Use ’ (U+2019).
   - pricing.menu_items.4.items.0.name: Straight apostrophes (') are forbidden in menu items name. Use ’ (U+2019).
❌ [Validation Error] Les Déserteurs (Index: 105):
   - pricing.menu_items.1.items.7.name: Straight apostrophes (') are forbidden in menu items name. Use ’ (U+2019).
   - specials.must_eat: must_eat must start with 'Cuisine [Type]. [Plat]' format
❌ [Validation Error] Louie Louie (Index: 106):
   - specials.must_eat: must_eat must start with 'Cuisine [Type]. [Plat]' format
❌ [Validation Error] Mokoloco (Index: 107):
   - pricing.menu_items.0.items.0.name: Straight apostrophes (') are forbidden in menu items name. Use ’ (U+2019).
   - specials.must_eat: must_eat must start with 'Cuisine [Type]. [Plat]' format
❌ [Validation Error] Septime La Cave (Index: 108):
   - specials.must_eat: must_eat must start with 'Cuisine [Type]. [Plat]' format
   - images.gallery: Minimum 2 gallery photos required
❌ [Validation Error] Septime (Index: 109):
   - pricing.menu_items.2.items.4.name: Straight apostrophes (') are forbidden in menu items name. Use ’ (U+2019).
   - pricing.menu_items.4.items.2.name: Straight apostrophes (') are forbidden in menu items name. Use ’ (U+2019).
   - specials.must_eat: must_eat must start with 'Cuisine [Type]. [Plat]' format
❌ [Validation Error] Vaisseau (Index: 110):
   - pricing.menu_items.0.items.0.name: Straight apostrophes (') are forbidden in menu items name. Use ’ (U+2019).
   - insider_tip: Insider tips must use 3 bullets format
   - specials.must_eat: must_eat must start with 'Cuisine [Type]. [Plat]' format
   - images.gallery: Minimum 2 gallery photos required
❌ [Validation Error] 21G Dumpling (Index: 111):
   - specials.must_eat: must_eat must start with 'Cuisine [Type]. [Plat]' format
   - images.gallery: Minimum 2 gallery photos required
❌ [Validation Error] Mokonuts (Index: 112):
   - specials.must_eat: must_eat must start with 'Cuisine [Type]. [Plat]' format
❌ [Validation Error] Osteria Ferrara (Index: 113):
   - images.gallery: Minimum 2 gallery photos required
❌ [Validation Error] Pianovins (Index: 114):
   - pricing.menu_items.0.items.0.name: Straight apostrophes (') are forbidden in menu items name. Use ’ (U+2019).
   - pricing.menu_items.1.items.0.name: Straight apostrophes (') are forbidden in menu items name. Use ’ (U+2019).
   - pricing.menu_items.1.items.1.name: Straight apostrophes (') are forbidden in menu items name. Use ’ (U+2019).
   - specials.must_eat: must_eat must start with 'Cuisine [Type]. [Plat]' format
❌ [Validation Error] Le Repaire de Cartouche (Index: 115):
   - pricing.menu_items.2.items.3.name: Straight apostrophes (') are forbidden in menu items name. Use ’ (U+2019).
   - specials.must_eat: must_eat must start with 'Cuisine [Type]. [Plat]' format
❌ [Validation Error] À Table (Index: 116):
   - specials.must_eat: must_eat must start with 'Cuisine [Type]. [Plat]' format
❌ [Validation Error] L’Acolyte de l’Insolite (Index: 117):
   - specials.must_eat: must_eat must start with 'Cuisine [Type]. [Plat]' format
❌ [MENU GATE ERROR] Alluma: Only 16 priced items. (Requirement: 20).
❌ [Validation Error] Auberge Pyrénées Cévennes (Index: 119):
   - images.gallery: Minimum 2 gallery photos required
❌ [Validation Error] Aujourd’hui Demain (Index: 120):
   - insider_tip: Insider tips must use 3 bullets format
   - specials.must_eat: must_eat must start with 'Cuisine [Type]. [Plat]' format
   - images.gallery: Minimum 2 gallery photos required
❌ [Validation Error] Bambino (Index: 121):
   - insider_tip: Insider tips must use 3 bullets format
   - specials.must_eat: must_eat must start with 'Cuisine [Type]. [Plat]' format
   - images.gallery: Minimum 2 gallery photos required
❌ [Validation Error] Blanca (Index: 122):
   - insider_tip: Insider tips must use 3 bullets format
   - specials.must_eat: must_eat must start with 'Cuisine [Type]. [Plat]' format
   - images.gallery: Minimum 2 gallery photos required
❌ [Validation Error] Café Méricourt (Index: 123):
   - specials.must_eat: must_eat must start with 'Cuisine [Type]. [Plat]' format
   - images.gallery: Minimum 2 gallery photos required
❌ [Validation Error] Deux Restaurant (Index: 124):
   - specials.must_eat: must_eat must start with 'Cuisine [Type]. [Plat]' format
   - images.gallery: Minimum 2 gallery photos required
❌ [Validation Error] FIEF / Fait Ici En France (Index: 125):
   - pricing.menu_items.0.items.1.name: Straight apostrophes (') are forbidden in menu items name. Use ’ (U+2019).
   - pricing.menu_items.0.items.2.name: Straight apostrophes (') are forbidden in menu items name. Use ’ (U+2019).
   - specials.must_eat: must_eat must start with 'Cuisine [Type]. [Plat]' format
   - images.gallery: Minimum 2 gallery photos required
❌ [Validation Error] Géosmine (Index: 126):
   - specials.must_eat: must_eat must start with 'Cuisine [Type]. [Plat]' format
❌ [Validation Error] Gramme 11 (Index: 127):
   - specials.must_eat: must_eat must start with 'Cuisine [Type]. [Plat]' format
   - images.gallery: Minimum 2 gallery photos required
❌ [Validation Error] Impact Berliner Kebap (Index: 128):
   - insider_tip: Insider tips must use 3 bullets format
   - specials.must_eat: must_eat must start with 'Cuisine [Type]. [Plat]' format
   - images.gallery: Minimum 2 gallery photos required
❌ [Validation Error] Jip (Index: 129):
   - insider_tip: Insider tips must use 3 bullets format
   - specials.must_eat: must_eat must start with 'Cuisine [Type]. [Plat]' format
   - images.gallery: Minimum 2 gallery photos required
❌ [Validation Error] L’Homme Bleu (Index: 130):
   - specials.must_eat: must_eat must start with 'Cuisine [Type]. [Plat]' format
❌ [Validation Error] Melt Oberkampf (Index: 131):
   - specials.must_eat: must_eat must start with 'Cuisine [Type]. [Plat]' format
❌ [Validation Error] Onze à Table (Index: 132):
   - pricing.menu_items.3.items.4.name: Straight apostrophes (') are forbidden in menu items name. Use ’ (U+2019).
   - pricing.menu_items.3.items.7.name: Straight apostrophes (') are forbidden in menu items name. Use ’ (U+2019).
❌ [Validation Error] Pierre Sang on Gambey (Index: 133):
   - specials.must_eat: must_eat must start with 'Cuisine [Type]. [Plat]' format
❌ [Validation Error] Ama (Index: 134):
   - insider_tip: Insider tips must use 3 bullets format
   - specials.must_eat: must_eat must start with 'Cuisine [Type]. [Plat]' format
   - images.gallery: Minimum 2 gallery photos required
❌ [Validation Error] Épopée (Index: 136):
   - specials.must_eat: must_eat must start with 'Cuisine [Type]. [Plat]' format
   - images.gallery: Minimum 2 gallery photos required
❌ [Validation Error] Poggi Cup (Fontaine au Roi) (Index: 137):
   - specials.must_eat: must_eat must start with 'Cuisine [Type]. [Plat]' format
   - images.gallery: Minimum 2 gallery photos required
❌ [Validation Error] Kai Izakaya (Index: 140):
   - insider_tip: Insider tips must use 3 bullets format
   - specials.must_eat: must_eat must start with 'Cuisine [Type]. [Plat]' format
   - images.gallery: Minimum 2 gallery photos required
❌ [Validation Error] Lacigne (Index: 141):
   - insider_tip: Insider tips must use 3 bullets format
   - specials.must_eat: must_eat must start with 'Cuisine [Type]. [Plat]' format
   - images.gallery: Minimum 2 gallery photos required
❌ [Validation Error] Oobatz (Index: 143):
   - insider_tip: Insider tips must use 3 bullets format
   - specials.must_eat: must_eat must start with 'Cuisine [Type]. [Plat]' format
   - images.gallery: Minimum 2 gallery photos required
❌ [Validation Error] Le Perchoir Ménilmontant (Index: 144):
   - insider_tip: Insider tips must use 3 bullets format
   - specials.must_eat: must_eat must start with 'Cuisine [Type]. [Plat]' format
   - images.gallery: Minimum 2 gallery photos required
❌ [MENU GATE ERROR] YARD: Only 18 priced items. (Requirement: 20).
❌ [Validation Error] Acmé (Index: 146):
   - specials.must_eat: must_eat must start with 'Cuisine [Type]. [Plat]' format
❌ [Validation Error] Chez Justine (Index: 147):
   - specials.must_eat: must_eat must start with 'Cuisine [Type]. [Plat]' format
❌ [Validation Error] Magma (Index: 148):
   - insider_tip: Insider tips must use 3 bullets format
   - specials.must_eat: must_eat must start with 'Cuisine [Type]. [Plat]' format
   - images.gallery: Minimum 2 gallery photos required
❌ [Validation Error] Ober Mamma (Index: 149):
   - specials.must_eat: must_eat must start with 'Cuisine [Type]. [Plat]' format
❌ [Validation Error] L’Osteria dell’anima (Index: 151):
   - specials.must_eat: must_eat must start with 'Cuisine [Type]. [Plat]' format
❌ [Validation Error] Pierre Sang In Oberkampf (Index: 152):
   - images.gallery: Minimum 2 gallery photos required
❌ [Validation Error] Soya Cantine Bio (Index: 154):
   - insider_tip: Insider tips must use 3 bullets format
   - specials.must_eat: must_eat must start with 'Cuisine [Type]. [Plat]' format
   - images.gallery: Minimum 2 gallery photos required
❌ [Validation Error] Bouche (Index: 156):
   - pricing.menu_items.3.items.0.name: Straight apostrophes (') are forbidden in menu items name. Use ’ (U+2019).
❌ [Validation Error] Chulita (Index: 157):
   - insider_tip: Insider tips must use 3 bullets format
   - specials.must_eat: must_eat must start with 'Cuisine [Type]. [Plat]' format
   - images.gallery: Minimum 2 gallery photos required
❌ [Validation Error] Le Dauphin (Index: 158):
   - insider_tip: Insider tips must use 3 bullets format
   - specials.must_eat: must_eat must start with 'Cuisine [Type]. [Plat]' format
   - images.gallery: Minimum 2 gallery photos required
❌ [MENU GATE ERROR] Le Villaret: Only 15 priced items. (Requirement: 20).
❌ [SUBSTANCE ERROR] Le Villaret: Only 3 main dishes found. (Requirement: 5).
❌ [Validation Error] Les 3 Bornés (Index: 160):
   - specials.must_eat: must_eat must start with 'Cuisine [Type]. [Plat]' format
❌ [Validation Error] Breizh Café (Paul Bert) (Index: 161):
   - specials.must_eat: must_eat must start with 'Cuisine [Type]. [Plat]' format
   - images.gallery: Minimum 2 gallery photos required
❌ [Validation Error] Bistrot Paul Bert (Index: 162):
   - insider_tip: Insider tips must use 3 bullets format
   - specials.must_eat: must_eat must start with 'Cuisine [Type]. [Plat]' format
   - images.gallery: Minimum 2 gallery photos required
❌ [Validation Error] Tontine (Bistrot Permanent) (Index: 163):
   - specials.must_eat: must_eat must start with 'Cuisine [Type]. [Plat]' format
   - images.gallery: Minimum 2 gallery photos required
❌ [Validation Error] Café Oberkampf (Index: 164):
   - subcategory.0: Invalid option: expected one of "vietnamien"|"japonais"|"français"|"bar à vin"|"pizzeria"|"bistronomie"|"italien"|"éthiopien"|"indien"|"pakistanais"|"asiatique"|"méditerranéen"|"terrasse"|"viande d'exception"|"ferme tard"
   - subcategory.1: Invalid option: expected one of "vietnamien"|"japonais"|"français"|"bar à vin"|"pizzeria"|"bistronomie"|"italien"|"éthiopien"|"indien"|"pakistanais"|"asiatique"|"méditerranéen"|"terrasse"|"viande d'exception"|"ferme tard"
   - subcategory.2: Invalid option: expected one of "vietnamien"|"japonais"|"français"|"bar à vin"|"pizzeria"|"bistronomie"|"italien"|"éthiopien"|"indien"|"pakistanais"|"asiatique"|"méditerranéen"|"terrasse"|"viande d'exception"|"ferme tard"
   - subcategory.3: Invalid option: expected one of "vietnamien"|"japonais"|"français"|"bar à vin"|"pizzeria"|"bistronomie"|"italien"|"éthiopien"|"indien"|"pakistanais"|"asiatique"|"méditerranéen"|"terrasse"|"viande d'exception"|"ferme tard"
   - insider_tip: Insider tips must use 3 bullets format
   - specials.must_eat: must_eat must start with 'Cuisine [Type]. [Plat]' format
   - images.gallery: Invalid input: expected array, received undefined
❌ [Validation Error] Café de l’Industrie (Index: 165):
   - subcategory.0: Invalid option: expected one of "vietnamien"|"japonais"|"français"|"bar à vin"|"pizzeria"|"bistronomie"|"italien"|"éthiopien"|"indien"|"pakistanais"|"asiatique"|"méditerranéen"|"terrasse"|"viande d'exception"|"ferme tard"
   - subcategory.1: Invalid option: expected one of "vietnamien"|"japonais"|"français"|"bar à vin"|"pizzeria"|"bistronomie"|"italien"|"éthiopien"|"indien"|"pakistanais"|"asiatique"|"méditerranéen"|"terrasse"|"viande d'exception"|"ferme tard"
   - subcategory.2: Invalid option: expected one of "vietnamien"|"japonais"|"français"|"bar à vin"|"pizzeria"|"bistronomie"|"italien"|"éthiopien"|"indien"|"pakistanais"|"asiatique"|"méditerranéen"|"terrasse"|"viande d'exception"|"ferme tard"
   - subcategory.3: Invalid option: expected one of "vietnamien"|"japonais"|"français"|"bar à vin"|"pizzeria"|"bistronomie"|"italien"|"éthiopien"|"indien"|"pakistanais"|"asiatique"|"méditerranéen"|"terrasse"|"viande d'exception"|"ferme tard"
   - subcategory.4: Invalid option: expected one of "vietnamien"|"japonais"|"français"|"bar à vin"|"pizzeria"|"bistronomie"|"italien"|"éthiopien"|"indien"|"pakistanais"|"asiatique"|"méditerranéen"|"terrasse"|"viande d'exception"|"ferme tard"
   - expert_catchline: Invalid input: expected string, received undefined
   - specials.must_eat: must_eat must start with 'Cuisine [Type]. [Plat]' format
❌ [Validation Error] Le Centenaire (Index: 166):
   - subcategory.0: Invalid option: expected one of "vietnamien"|"japonais"|"français"|"bar à vin"|"pizzeria"|"bistronomie"|"italien"|"éthiopien"|"indien"|"pakistanais"|"asiatique"|"méditerranéen"|"terrasse"|"viande d'exception"|"ferme tard"
   - subcategory.1: Invalid option: expected one of "vietnamien"|"japonais"|"français"|"bar à vin"|"pizzeria"|"bistronomie"|"italien"|"éthiopien"|"indien"|"pakistanais"|"asiatique"|"méditerranéen"|"terrasse"|"viande d'exception"|"ferme tard"
   - subcategory.2: Invalid option: expected one of "vietnamien"|"japonais"|"français"|"bar à vin"|"pizzeria"|"bistronomie"|"italien"|"éthiopien"|"indien"|"pakistanais"|"asiatique"|"méditerranéen"|"terrasse"|"viande d'exception"|"ferme tard"
   - subcategory.3: Invalid option: expected one of "vietnamien"|"japonais"|"français"|"bar à vin"|"pizzeria"|"bistronomie"|"italien"|"éthiopien"|"indien"|"pakistanais"|"asiatique"|"méditerranéen"|"terrasse"|"viande d'exception"|"ferme tard"
   - expert_catchline: Invalid input: expected string, received undefined
   - insider_tip: Insider tips must use 3 bullets format
   - images.gallery: Minimum 2 gallery photos required
❌ [Validation Error] Le Grand Bréguet (Index: 167):
   - subcategory.0: Invalid option: expected one of "vietnamien"|"japonais"|"français"|"bar à vin"|"pizzeria"|"bistronomie"|"italien"|"éthiopien"|"indien"|"pakistanais"|"asiatique"|"méditerranéen"|"terrasse"|"viande d'exception"|"ferme tard"
   - subcategory.1: Invalid option: expected one of "vietnamien"|"japonais"|"français"|"bar à vin"|"pizzeria"|"bistronomie"|"italien"|"éthiopien"|"indien"|"pakistanais"|"asiatique"|"méditerranéen"|"terrasse"|"viande d'exception"|"ferme tard"
   - subcategory.2: Invalid option: expected one of "vietnamien"|"japonais"|"français"|"bar à vin"|"pizzeria"|"bistronomie"|"italien"|"éthiopien"|"indien"|"pakistanais"|"asiatique"|"méditerranéen"|"terrasse"|"viande d'exception"|"ferme tard"
   - subcategory.3: Invalid option: expected one of "vietnamien"|"japonais"|"français"|"bar à vin"|"pizzeria"|"bistronomie"|"italien"|"éthiopien"|"indien"|"pakistanais"|"asiatique"|"méditerranéen"|"terrasse"|"viande d'exception"|"ferme tard"
   - subcategory.4: Invalid option: expected one of "vietnamien"|"japonais"|"français"|"bar à vin"|"pizzeria"|"bistronomie"|"italien"|"éthiopien"|"indien"|"pakistanais"|"asiatique"|"méditerranéen"|"terrasse"|"viande d'exception"|"ferme tard"
   - expert_catchline: Invalid input: expected string, received undefined
   - insider_tip: Insider tips must use 3 bullets format
   - images.gallery: Minimum 2 gallery photos required
❌ [Validation Error] Passerini (Index: 168):
   - insider_tip: Insider tips must use 3 bullets format
   - specials.must_eat: must_eat must start with 'Cuisine [Type]. [Plat]' format
   - images.gallery: Minimum 2 gallery photos required
❌ [Validation Error] Yukga Paris (Index: 169):
   - subcategory.0: Invalid option: expected one of "vietnamien"|"japonais"|"français"|"bar à vin"|"pizzeria"|"bistronomie"|"italien"|"éthiopien"|"indien"|"pakistanais"|"asiatique"|"méditerranéen"|"terrasse"|"viande d'exception"|"ferme tard"
   - subcategory.1: Invalid option: expected one of "vietnamien"|"japonais"|"français"|"bar à vin"|"pizzeria"|"bistronomie"|"italien"|"éthiopien"|"indien"|"pakistanais"|"asiatique"|"méditerranéen"|"terrasse"|"viande d'exception"|"ferme tard"
   - subcategory.2: Invalid option: expected one of "vietnamien"|"japonais"|"français"|"bar à vin"|"pizzeria"|"bistronomie"|"italien"|"éthiopien"|"indien"|"pakistanais"|"asiatique"|"méditerranéen"|"terrasse"|"viande d'exception"|"ferme tard"
   - subcategory.3: Invalid option: expected one of "vietnamien"|"japonais"|"français"|"bar à vin"|"pizzeria"|"bistronomie"|"italien"|"éthiopien"|"indien"|"pakistanais"|"asiatique"|"méditerranéen"|"terrasse"|"viande d'exception"|"ferme tard"
   - subcategory.4: Invalid option: expected one of "vietnamien"|"japonais"|"français"|"bar à vin"|"pizzeria"|"bistronomie"|"italien"|"éthiopien"|"indien"|"pakistanais"|"asiatique"|"méditerranéen"|"terrasse"|"viande d'exception"|"ferme tard"
   - subcategory.5: Invalid option: expected one of "vietnamien"|"japonais"|"français"|"bar à vin"|"pizzeria"|"bistronomie"|"italien"|"éthiopien"|"indien"|"pakistanais"|"asiatique"|"méditerranéen"|"terrasse"|"viande d'exception"|"ferme tard"
   - expert_catchline: Invalid input: expected string, received undefined
   - specials.must_eat: must_eat must start with 'Cuisine [Type]. [Plat]' format
❌ [Validation Error] Picotte (Index: 170):
   - specials.must_eat: must_eat must start with 'Cuisine [Type]. [Plat]' format
❌ [Validation Error] Automne (Index: 171):
   - pricing.menu_items.2.items.7.name: Straight apostrophes (') are forbidden in menu items name. Use ’ (U+2019).
❌ [Validation Error] Eunoé (Index: 172):
   - specials.must_eat: must_eat must start with 'Cuisine [Type]. [Plat]' format
❌ [Validation Error] Brutos (Index: 173):
   - specials.must_eat: must_eat must start with 'Cuisine [Type]. [Plat]' format
❌ [Validation Error] Jones (Index: 174):
   - specials.must_eat: must_eat must start with 'Cuisine [Type]. [Plat]' format
❌ [Validation Error] A l’ami Pierre (Index: 175):
   - insider_tip: Insider tips must use 3 bullets format
   - specials.must_eat: must_eat must start with 'Cuisine [Type]. [Plat]' format
   - images.gallery: Minimum 2 gallery photos required
❌ [Validation Error] Lissit (Index: 176):
   - insider_tip: Insider tips must use 3 bullets format
   - specials.must_eat: must_eat must start with 'Cuisine [Type]. [Plat]' format
   - images.gallery: Minimum 2 gallery photos required
❌ [Validation Error] Louloute (Index: 177):
   - pricing.menu_items.1.items.10.name: Straight apostrophes (') are forbidden in menu items name. Use ’ (U+2019).
   - specials.must_eat: must_eat must start with 'Cuisine [Type]. [Plat]' format
❌ [Validation Error] Le Pause Café (Index: 178):
   - specials.must_eat: must_eat must start with 'Cuisine [Type]. [Plat]' format
   - images.gallery: Minimum 2 gallery photos required
❌ [Validation Error] Recoin (Index: 179):
   - insider_tip: Insider tips must use 3 bullets format
   - specials.must_eat: must_eat must start with 'Cuisine [Type]. [Plat]' format
   - images.gallery: Minimum 2 gallery photos required
❌ [Validation Error] Sama Bistro (Index: 180):
   - insider_tip: Insider tips must use 3 bullets format
   - specials.must_eat: must_eat must start with 'Cuisine [Type]. [Plat]' format
   - images.gallery: Minimum 2 gallery photos required
❌ [Validation Error] Street Bangkok (Bastille) (Index: 181):
   - specials.must_eat: must_eat must start with 'Cuisine [Type]. [Plat]' format
   - images.gallery: Minimum 2 gallery photos required
❌ [Validation Error] Superfine (Index: 182):
   - specials.must_eat: must_eat must start with 'Cuisine [Type]. [Plat]' format
   - images.gallery: Minimum 2 gallery photos required
❌ [Validation Error] Le Tagine (Index: 183):
   - insider_tip: Insider tips must use 3 bullets format
   - specials.must_eat: must_eat must start with 'Cuisine [Type]. [Plat]' format
   - images.gallery: Minimum 2 gallery photos required
❌ [Validation Error] Tarántula (Index: 184):
   - pricing.menu_items.0.items.0.name: Straight apostrophes (') are forbidden in menu items name. Use ’ (U+2019).
   - insider_tip: Insider tips must use 3 bullets format
   - specials.must_eat: must_eat must start with 'Cuisine [Type]. [Plat]' format
   - images.gallery: Minimum 2 gallery photos required
❌ [Validation Error] Track 119 (Deb’s Street Food) (Index: 185):
   - insider_tip: Insider tips must use 3 bullets format
   - specials.must_eat: must_eat must start with 'Cuisine [Type]. [Plat]' format
   - images.gallery: Minimum 2 gallery photos required
❌ [Validation Error] Brasserie Martin (Index: 186):
   - insider_tip: Insider tips must use 3 bullets format
   - specials.must_eat: must_eat must start with 'Cuisine [Type]. [Plat]' format
   - images.gallery: Minimum 2 gallery photos required
❌ [Validation Error] Le Saint Sébastien (Index: 187):
   - description: Description must be substantive (min 50 chars)
   - expert_catchline: Invalid input: expected string, received undefined
   - images.hero: Invalid URL
   - images.hero: Hero image must be a valid HTTPS URL
   - images.gallery.0: Invalid URL
   - images.gallery.0: Gallery images must be valid HTTPS URLs
   - images.gallery.1: Invalid URL
   - images.gallery.1: Gallery images must be valid HTTPS URLs
❌ [Validation Error] Martin (Boire et Manger) (Index: 188):
   - specials.must_eat: must_eat must start with 'Cuisine [Type]. [Plat]' format
   - images.gallery: Minimum 2 gallery photos required
❌ [Validation Error] Le Goyavier (Index: 189):
   - pricing.menu_items.3.items.0.name: Straight apostrophes (') are forbidden in menu items name. Use ’ (U+2019).
   - insider_tip: Insider tips must use 3 bullets format
   - specials.must_eat: must_eat must start with 'Cuisine [Type]. [Plat]' format
   - images.gallery: Minimum 2 gallery photos required
❌ [Validation Error] Chanceux (Index: 190):
   - pricing.menu_items.4.items.2.name: Straight apostrophes (') are forbidden in menu items name. Use ’ (U+2019).
   - specials.must_eat: must_eat must start with 'Cuisine [Type]. [Plat]' format
❌ [Validation Error] Double Dragon (Index: 191):
   - description: Description must be substantive (min 50 chars)
   - expert_catchline: Invalid input: expected string, received undefined
   - images.hero: Invalid URL
   - images.hero: Hero image must be a valid HTTPS URL
   - images.gallery.0: Invalid URL
   - images.gallery.0: Gallery images must be valid HTTPS URLs
   - images.gallery.1: Invalid URL
   - images.gallery.1: Gallery images must be valid HTTPS URLs
❌ [Validation Error] El Comal (Index: 192):
   - insider_tip: Insider tips must use 3 bullets format
   - specials.must_eat: must_eat must start with 'Cuisine [Type]. [Plat]' format
   - images.gallery: Minimum 2 gallery photos required
❌ [Validation Error] Erso (Index: 193):
   - specials.must_eat: must_eat must start with 'Cuisine [Type]. [Plat]' format
   - images.gallery: Minimum 2 gallery photos required
❌ [Validation Error] L’Alicheur (Index: 194):
   - specials.must_eat: must_eat must start with 'Cuisine [Type]. [Plat]' format
   - images.gallery: Minimum 2 gallery photos required
❌ [Validation Error] La Buvette (Index: 195):
   - pricing.menu_items.1.items.0.name: Straight apostrophes (') are forbidden in menu items name. Use ’ (U+2019).
❌ [Validation Error] Le Servan (Index: 196):
   - specials.must_eat: must_eat must start with 'Cuisine [Type]. [Plat]' format
❌ [Validation Error] Reyna (Index: 197):
   - insider_tip: Insider tips must use 3 bullets format
   - specials.must_eat: must_eat must start with 'Cuisine [Type]. [Plat]' format
   - images.gallery: Minimum 2 gallery photos required
❌ [Validation Error] Trâm 130 (Index: 198):
   - insider_tip: Insider tips must use 3 bullets format
   - specials.must_eat: must_eat must start with 'Cuisine [Type]. [Plat]' format
   - images.gallery: Minimum 2 gallery photos required
❌ [MENU GATE ERROR] Au Passage: Only 19 priced items. (Requirement: 20).
❌ [SUBSTANCE ERROR] Au Passage: Only 3 main dishes found. (Requirement: 5).
❌ [Validation Error] Gourou (Index: 201):
   - specials.must_eat: must_eat must start with 'Cuisine [Type]. [Plat]' format
   - images.gallery: Minimum 2 gallery photos required
❌ [Validation Error] Godaille (Index: 203):
   - pricing.menu_items.3.items.0.name: Straight apostrophes (') are forbidden in menu items name. Use ’ (U+2019).
   - pricing.menu_items.3.items.1.name: Straight apostrophes (') are forbidden in menu items name. Use ’ (U+2019).
   - pricing.menu_items.3.items.2.name: Straight apostrophes (') are forbidden in menu items name. Use ’ (U+2019).
   - pricing.menu_items.4.items.2.name: Straight apostrophes (') are forbidden in menu items name. Use ’ (U+2019).
   - expert_catchline: Invalid input: expected string, received undefined
   - specials.must_eat: must_eat must start with 'Cuisine [Type]. [Plat]' format
❌ [Validation Error] Table Bruno Verjus (Index: 204):
   - pricing.menu_items.0.items.0.name: Straight apostrophes (') are forbidden in menu items name. Use ’ (U+2019).
   - pricing.menu_items.0.items.1.name: Straight apostrophes (') are forbidden in menu items name. Use ’ (U+2019).
   - pricing.menu_items.0.items.2.name: Straight apostrophes (') are forbidden in menu items name. Use ’ (U+2019).
   - pricing.menu_items.0.items.3.name: Straight apostrophes (') are forbidden in menu items name. Use ’ (U+2019).
   - pricing.menu_items.1.items.0.name: Straight apostrophes (') are forbidden in menu items name. Use ’ (U+2019).
   - pricing.menu_items.2.items.1.name: Straight apostrophes (') are forbidden in menu items name. Use ’ (U+2019).
   - pricing.menu_items.3.items.0.name: Straight apostrophes (') are forbidden in menu items name. Use ’ (U+2019).
   - pricing.menu_items.3.items.1.name: Straight apostrophes (') are forbidden in menu items name. Use ’ (U+2019).
   - pricing.menu_items.4.items.3.name: Straight apostrophes (') are forbidden in menu items name. Use ’ (U+2019).
   - expert_catchline: Invalid input: expected string, received undefined
❌ [Validation Error] L’Ébauchoir (Index: 205):
   - expert_catchline: Invalid input: expected string, received undefined
   - images.hero: Invalid URL
   - images.hero: Hero image must be a valid HTTPS URL
   - images.gallery.0: Invalid URL
   - images.gallery.0: Gallery images must be valid HTTPS URLs
   - images.gallery.1: Invalid URL
   - images.gallery.1: Gallery images must be valid HTTPS URLs
❌ [Validation Error] Le Baron Rouge (Index: 206):
   - expert_catchline: Invalid input: expected string, received undefined
   - images.hero: Invalid URL
   - images.hero: Hero image must be a valid HTTPS URL
   - images.gallery.0: Invalid URL
   - images.gallery.0: Gallery images must be valid HTTPS URLs
   - images.gallery.1: Invalid URL
   - images.gallery.1: Gallery images must be valid HTTPS URLs
❌ [Validation Error] Le poisson d’Aligre (Index: 207):
   - pricing.menu_items.2.items.5.name: Straight apostrophes (') are forbidden in menu items name. Use ’ (U+2019).
   - expert_catchline: Invalid input: expected string, received undefined
   - images.hero: Invalid URL
   - images.hero: Hero image must be a valid HTTPS URL
   - images.gallery.0: Invalid URL
   - images.gallery.0: Gallery images must be valid HTTPS URLs
   - images.gallery.1: Invalid URL
   - images.gallery.1: Gallery images must be valid HTTPS URLs
❌ [Validation Error] Les Provinces d’à coté (Index: 208):
   - pricing.menu_items.2.items.0.name: Straight apostrophes (') are forbidden in menu items name. Use ’ (U+2019).
   - expert_catchline: Invalid input: expected string, received undefined
   - images.hero: Invalid URL
   - images.hero: Hero image must be a valid HTTPS URL
   - images.gallery.0: Invalid URL
   - images.gallery.0: Gallery images must be valid HTTPS URLs
   - images.gallery.1: Invalid URL
   - images.gallery.1: Gallery images must be valid HTTPS URLs
❌ [Validation Error] Restaurant Virtus (Index: 209):
   - pricing.menu_items.3.items.0.name: Straight apostrophes (') are forbidden in menu items name. Use ’ (U+2019).
   - pricing.menu_items.3.items.1.name: Straight apostrophes (') are forbidden in menu items name. Use ’ (U+2019).
   - pricing.menu_items.3.items.4.name: Straight apostrophes (') are forbidden in menu items name. Use ’ (U+2019).
   - pricing.menu_items.3.items.5.name: Straight apostrophes (') are forbidden in menu items name. Use ’ (U+2019).
   - pricing.menu_items.3.items.6.name: Straight apostrophes (') are forbidden in menu items name. Use ’ (U+2019).
   - expert_catchline: Invalid input: expected string, received undefined
   - images.hero: Invalid URL
   - images.hero: Hero image must be a valid HTTPS URL
   - images.gallery.0: Invalid URL
   - images.gallery.0: Gallery images must be valid HTTPS URLs
   - images.gallery.1: Invalid URL
   - images.gallery.1: Gallery images must be valid HTTPS URLs
❌ [Validation Error] Les Associés (Index: 210):
   - subcategory.0: Invalid option: expected one of "vietnamien"|"japonais"|"français"|"bar à vin"|"pizzeria"|"bistronomie"|"italien"|"éthiopien"|"indien"|"pakistanais"|"asiatique"|"méditerranéen"|"terrasse"|"viande d'exception"|"ferme tard"
   - subcategory.1: Invalid option: expected one of "vietnamien"|"japonais"|"français"|"bar à vin"|"pizzeria"|"bistronomie"|"italien"|"éthiopien"|"indien"|"pakistanais"|"asiatique"|"méditerranéen"|"terrasse"|"viande d'exception"|"ferme tard"
   - subcategory.2: Invalid option: expected one of "vietnamien"|"japonais"|"français"|"bar à vin"|"pizzeria"|"bistronomie"|"italien"|"éthiopien"|"indien"|"pakistanais"|"asiatique"|"méditerranéen"|"terrasse"|"viande d'exception"|"ferme tard"
   - expert_catchline: Invalid input: expected string, received undefined
   - insider_tip: Insider tips must use 3 bullets format
   - images.gallery: Minimum 2 gallery photos required
❌ [Validation Error] Supersonic (Index: 211):
   - category: Invalid input: expected "restaurant"
   - subcategory.0: Invalid option: expected one of "vietnamien"|"japonais"|"français"|"bar à vin"|"pizzeria"|"bistronomie"|"italien"|"éthiopien"|"indien"|"pakistanais"|"asiatique"|"méditerranéen"|"terrasse"|"viande d'exception"|"ferme tard"
   - expert_catchline: Invalid input: expected string, received undefined
   - insider_tip: Insider tips must use 3 bullets format
   - specials.must_eat: Invalid input: expected string, received undefined
   - images.hero: Invalid URL
   - images.hero: Hero image must be a valid HTTPS URL
   - images.gallery: Minimum 2 gallery photos required
❌ [Validation Error] ANCO (Index: 212):
   - expert_catchline: Invalid input: expected string, received undefined
   - images.hero: Invalid URL
   - images.hero: Hero image must be a valid HTTPS URL
   - images.gallery.0: Invalid URL
   - images.gallery.0: Gallery images must be valid HTTPS URLs
   - images.gallery.1: Invalid URL
   - images.gallery.1: Gallery images must be valid HTTPS URLs
❌ [Validation Error] Le Train Bleu (Index: 213):
   - pricing.menu_items.1.items.1.name: Straight apostrophes (') are forbidden in menu items name. Use ’ (U+2019).
   - expert_catchline: Invalid input: expected string, received undefined
   - images.hero: Invalid URL
   - images.hero: Hero image must be a valid HTTPS URL
   - images.gallery.0: Invalid URL
   - images.gallery.0: Gallery images must be valid HTTPS URLs
   - images.gallery.1: Invalid URL
   - images.gallery.1: Gallery images must be valid HTTPS URLs
❌ [Validation Error] Le Mazette (Index: 214):
   - pricing.menu_items.3.items.4.name: Straight apostrophes (') are forbidden in menu items name. Use ’ (U+2019).
   - expert_catchline: Invalid input: expected string, received undefined
   - images.hero: Invalid URL
   - images.hero: Hero image must be a valid HTTPS URL
   - images.gallery.0: Invalid URL
   - images.gallery.0: Gallery images must be valid HTTPS URLs
   - images.gallery.1: Invalid URL
   - images.gallery.1: Gallery images must be valid HTTPS URLs
❌ [Validation Error] Le Dalou (Index: 215):
   - pricing.menu_items.0.items.0.name: Straight apostrophes (') are forbidden in menu items name. Use ’ (U+2019).
   - pricing.menu_items.0.items.1.name: Straight apostrophes (') are forbidden in menu items name. Use ’ (U+2019).
   - pricing.menu_items.1.items.3.name: Straight apostrophes (') are forbidden in menu items name. Use ’ (U+2019).
   - pricing.menu_items.3.items.3.name: Straight apostrophes (') are forbidden in menu items name. Use ’ (U+2019).
   - pricing.menu_items.4.items.1.name: Straight apostrophes (') are forbidden in menu items name. Use ’ (U+2019).
   - expert_catchline: Invalid input: expected string, received undefined
   - images.hero: Invalid URL
   - images.hero: Hero image must be a valid HTTPS URL
   - images.gallery.0: Invalid URL
   - images.gallery.0: Gallery images must be valid HTTPS URLs
   - images.gallery.1: Invalid URL
   - images.gallery.1: Gallery images must be valid HTTPS URLs
❌ [Validation Error] Au Petit Marguery (Index: 216):
   - pricing.menu_items.1.items.3.name: Straight apostrophes (') are forbidden in menu items name. Use ’ (U+2019).
   - expert_catchline: Invalid input: expected string, received undefined
   - images.hero: Invalid URL
   - images.hero: Hero image must be a valid HTTPS URL
   - images.gallery.0: Invalid URL
   - images.gallery.0: Gallery images must be valid HTTPS URLs
   - images.gallery.1: Invalid URL
   - images.gallery.1: Gallery images must be valid HTTPS URLs
❌ [Validation Error] Auberge de la Butte (Index: 217):
   - expert_catchline: Invalid input: expected string, received undefined
   - images.hero: Invalid URL
   - images.hero: Hero image must be a valid HTTPS URL
   - images.gallery.0: Invalid URL
   - images.gallery.0: Gallery images must be valid HTTPS URLs
   - images.gallery.1: Invalid URL
   - images.gallery.1: Gallery images must be valid HTTPS URLs
❌ [Validation Error] Chez Gino Pizza Feu de Bois (Index: 218):
   - expert_catchline: Invalid input: expected string, received undefined
   - images.hero: Invalid URL
   - images.hero: Hero image must be a valid HTTPS URL
   - images.gallery.0: Invalid URL
   - images.gallery.0: Gallery images must be valid HTTPS URLs
   - images.gallery.1: Invalid URL
   - images.gallery.1: Gallery images must be valid HTTPS URLs
❌ [Validation Error] Chez Gladines Butte aux Cailles (Index: 219):
   - expert_catchline: Invalid input: expected string, received undefined
   - images.hero: Invalid URL
   - images.hero: Hero image must be a valid HTTPS URL
   - images.gallery.0: Invalid URL
   - images.gallery.0: Gallery images must be valid HTTPS URLs
   - images.gallery.1: Invalid URL
   - images.gallery.1: Gallery images must be valid HTTPS URLs
❌ [Validation Error] Chez Mamane (Index: 220):
   - pricing.menu_items.4.items.2.name: Straight apostrophes (') are forbidden in menu items name. Use ’ (U+2019).
   - expert_catchline: Invalid input: expected string, received undefined
   - images.hero: Invalid URL
   - images.hero: Hero image must be a valid HTTPS URL
   - images.gallery.0: Invalid URL
   - images.gallery.0: Gallery images must be valid HTTPS URLs
   - images.gallery.1: Invalid URL
   - images.gallery.1: Gallery images must be valid HTTPS URLs
❌ [Validation Error] Hawai (Index: 221):
   - expert_catchline: Invalid input: expected string, received undefined
   - images.hero: Invalid URL
   - images.hero: Hero image must be a valid HTTPS URL
   - images.gallery.0: Invalid URL
   - images.gallery.0: Gallery images must be valid HTTPS URLs
   - images.gallery.1: Invalid URL
   - images.gallery.1: Gallery images must be valid HTTPS URLs
❌ [Validation Error] Il Était Un Square (Index: 222):
   - expert_catchline: Invalid input: expected string, received undefined
   - images.hero: Invalid URL
   - images.hero: Hero image must be a valid HTTPS URL
   - images.gallery.0: Invalid URL
   - images.gallery.0: Gallery images must be valid HTTPS URLs
   - images.gallery.1: Invalid URL
   - images.gallery.1: Gallery images must be valid HTTPS URLs
❌ [Validation Error] Impérial Choisy 美丽都 (Index: 223):
   - expert_catchline: Invalid input: expected string, received undefined
   - images.hero: Invalid URL
   - images.hero: Hero image must be a valid HTTPS URL
   - images.gallery.0: Invalid URL
   - images.gallery.0: Gallery images must be valid HTTPS URLs
   - images.gallery.1: Invalid URL
   - images.gallery.1: Gallery images must be valid HTTPS URLs
❌ [Validation Error] Khao Thaï (Index: 224):
   - expert_catchline: Invalid input: expected string, received undefined
   - images.hero: Invalid URL
   - images.hero: Hero image must be a valid HTTPS URL
   - images.gallery.0: Invalid URL
   - images.gallery.0: Gallery images must be valid HTTPS URLs
   - images.gallery.1: Invalid URL
   - images.gallery.1: Gallery images must be valid HTTPS URLs
❌ [Validation Error] L’Âge d’Or (Index: 225):
   - pricing.menu_items.0.items.0.name: Straight apostrophes (') are forbidden in menu items name. Use ’ (U+2019).
   - pricing.menu_items.1.items.3.name: Straight apostrophes (') are forbidden in menu items name. Use ’ (U+2019).
   - pricing.menu_items.4.items.0.name: Straight apostrophes (') are forbidden in menu items name. Use ’ (U+2019).
   - expert_catchline: Invalid input: expected string, received undefined
   - images.hero: Invalid URL
   - images.hero: Hero image must be a valid HTTPS URL
   - images.gallery.0: Invalid URL
   - images.gallery.0: Gallery images must be valid HTTPS URLs
   - images.gallery.1: Invalid URL
   - images.gallery.1: Gallery images must be valid HTTPS URLs
❌ [Validation Error] L’Alimentari (Index: 226):
   - expert_catchline: Invalid input: expected string, received undefined
   - images.hero: Invalid URL
   - images.hero: Hero image must be a valid HTTPS URL
   - images.gallery.0: Invalid URL
   - images.gallery.0: Gallery images must be valid HTTPS URLs
   - images.gallery.1: Invalid URL
   - images.gallery.1: Gallery images must be valid HTTPS URLs
❌ [Validation Error] L’Ourcine (Index: 227):
   - expert_catchline: Invalid input: expected string, received undefined
   - images.hero: Invalid URL
   - images.hero: Hero image must be a valid HTTPS URL
   - images.gallery.0: Invalid URL
   - images.gallery.0: Gallery images must be valid HTTPS URLs
   - images.gallery.1: Invalid URL
   - images.gallery.1: Gallery images must be valid HTTPS URLs
❌ [Validation Error] La Felicità (Index: 228):
   - expert_catchline: Invalid input: expected string, received undefined
   - images.hero: Invalid URL
   - images.hero: Hero image must be a valid HTTPS URL
   - images.gallery.0: Invalid URL
   - images.gallery.0: Gallery images must be valid HTTPS URLs
   - images.gallery.1: Invalid URL
   - images.gallery.1: Gallery images must be valid HTTPS URLs
❌ [Validation Error] Lao Viet (Index: 229):
   - expert_catchline: Invalid input: expected string, received undefined
   - images.hero: Invalid URL
   - images.hero: Hero image must be a valid HTTPS URL
   - images.gallery.0: Invalid URL
   - images.gallery.0: Gallery images must be valid HTTPS URLs
   - images.gallery.1: Invalid URL
   - images.gallery.1: Gallery images must be valid HTTPS URLs
❌ [Validation Error] Le Bambou (Index: 230):
   - expert_catchline: Invalid input: expected string, received undefined
   - images.hero: Invalid URL
   - images.hero: Hero image must be a valid HTTPS URL
   - images.gallery.0: Invalid URL
   - images.gallery.0: Gallery images must be valid HTTPS URLs
   - images.gallery.1: Invalid URL
   - images.gallery.1: Gallery images must be valid HTTPS URLs
❌ [Validation Error] Le Temps des Cerises (Index: 231):
   - expert_catchline: Invalid input: expected string, received undefined
   - images.hero: Invalid URL
   - images.hero: Hero image must be a valid HTTPS URL
   - images.gallery.0: Invalid URL
   - images.gallery.0: Gallery images must be valid HTTPS URLs
   - images.gallery.1: Invalid URL
   - images.gallery.1: Gallery images must be valid HTTPS URLs
❌ [Validation Error] Mondol Kiri (Index: 232):
   - expert_catchline: Invalid input: expected string, received undefined
   - images.hero: Invalid URL
   - images.hero: Hero image must be a valid HTTPS URL
   - images.gallery.0: Invalid URL
   - images.gallery.0: Gallery images must be valid HTTPS URLs
   - images.gallery.1: Invalid URL
   - images.gallery.1: Gallery images must be valid HTTPS URLs
❌ [Validation Error] Ngoc Xuyen Saigon (Index: 233):
   - expert_catchline: Invalid input: expected string, received undefined
   - images.hero: Invalid URL
   - images.hero: Hero image must be a valid HTTPS URL
   - images.gallery.0: Invalid URL
   - images.gallery.0: Gallery images must be valid HTTPS URLs
   - images.gallery.1: Invalid URL
   - images.gallery.1: Gallery images must be valid HTTPS URLs
❌ [Validation Error] O’Mexico (Index: 234):
   - expert_catchline: Invalid input: expected string, received undefined
   - images.hero: Invalid URL
   - images.hero: Hero image must be a valid HTTPS URL
   - images.gallery.0: Invalid URL
   - images.gallery.0: Gallery images must be valid HTTPS URLs
   - images.gallery.1: Invalid URL
   - images.gallery.1: Gallery images must be valid HTTPS URLs
❌ [Validation Error] Pépé Rosso (Index: 235):
   - expert_catchline: Invalid input: expected string, received undefined
   - images.hero: Invalid URL
   - images.hero: Hero image must be a valid HTTPS URL
   - images.gallery.0: Invalid URL
   - images.gallery.0: Gallery images must be valid HTTPS URLs
   - images.gallery.1: Invalid URL
   - images.gallery.1: Gallery images must be valid HTTPS URLs
❌ [Validation Error] Phở Bánh Cuốn 14 (Index: 236):
   - pricing.menu_items.4.items.4.name: Straight apostrophes (') are forbidden in menu items name. Use ’ (U+2019).
   - expert_catchline: Invalid input: expected string, received undefined
   - images.hero: Invalid URL
   - images.hero: Hero image must be a valid HTTPS URL
   - images.gallery.0: Invalid URL
   - images.gallery.0: Gallery images must be valid HTTPS URLs
   - images.gallery.1: Invalid URL
   - images.gallery.1: Gallery images must be valid HTTPS URLs
❌ [Validation Error] Phở Tài (Index: 237):
   - pricing.menu_items.4.items.5.name: Straight apostrophes (') are forbidden in menu items name. Use ’ (U+2019).
   - expert_catchline: Invalid input: expected string, received undefined
   - images.hero: Invalid URL
   - images.hero: Hero image must be a valid HTTPS URL
   - images.gallery.0: Invalid URL
   - images.gallery.0: Gallery images must be valid HTTPS URLs
   - images.gallery.1: Invalid URL
   - images.gallery.1: Gallery images must be valid HTTPS URLs
❌ [Validation Error] Restaurant Lao Lane Xang (Index: 238):
   - expert_catchline: Invalid input: expected string, received undefined
   - images.hero: Invalid URL
   - images.hero: Hero image must be a valid HTTPS URL
   - images.gallery.0: Invalid URL
   - images.gallery.0: Gallery images must be valid HTTPS URLs
   - images.gallery.1: Invalid URL
   - images.gallery.1: Gallery images must be valid HTTPS URLs
❌ [Validation Error] Sinorama 大家樂 (Index: 239):
   - expert_catchline: Invalid input: expected string, received undefined
   - images.hero: Invalid URL
   - images.hero: Hero image must be a valid HTTPS URL
   - images.gallery.0: Invalid URL
   - images.gallery.0: Gallery images must be valid HTTPS URLs
   - images.gallery.1: Invalid URL
   - images.gallery.1: Gallery images must be valid HTTPS URLs
❌ [Validation Error] SukhoThaï (Index: 240):
   - expert_catchline: Invalid input: expected string, received undefined
   - images.hero: Invalid URL
   - images.hero: Hero image must be a valid HTTPS URL
   - images.gallery.0: Invalid URL
   - images.gallery.0: Gallery images must be valid HTTPS URLs
   - images.gallery.1: Invalid URL
   - images.gallery.1: Gallery images must be valid HTTPS URLs
❌ [Validation Error] Tang Gourmet (Index: 241):
   - expert_catchline: Invalid input: expected string, received undefined
   - images.hero: Invalid URL
   - images.hero: Hero image must be a valid HTTPS URL
   - images.gallery.0: Invalid URL
   - images.gallery.0: Gallery images must be valid HTTPS URLs
   - images.gallery.1: Invalid URL
   - images.gallery.1: Gallery images must be valid HTTPS URLs
❌ [Validation Error] TEMPERO EPICERIE (Index: 242):
   - expert_catchline: Invalid input: expected string, received undefined
   - images.hero: Invalid URL
   - images.hero: Hero image must be a valid HTTPS URL
   - images.gallery.0: Invalid URL
   - images.gallery.0: Gallery images must be valid HTTPS URLs
   - images.gallery.1: Invalid URL
   - images.gallery.1: Gallery images must be valid HTTPS URLs
❌ [Validation Error] Thaï-Vien (Index: 243):
   - expert_catchline: Invalid input: expected string, received undefined
   - images.hero: Invalid URL
   - images.hero: Hero image must be a valid HTTPS URL
   - images.gallery.0: Invalid URL
   - images.gallery.0: Gallery images must be valid HTTPS URLs
   - images.gallery.1: Invalid URL
   - images.gallery.1: Gallery images must be valid HTTPS URLs
❌ [Validation Error] Tricotin (Index: 244):
   - expert_catchline: Invalid input: expected string, received undefined
   - images.hero: Invalid URL
   - images.hero: Hero image must be a valid HTTPS URL
   - images.gallery.0: Invalid URL
   - images.gallery.0: Gallery images must be valid HTTPS URLs
   - images.gallery.1: Invalid URL
   - images.gallery.1: Gallery images must be valid HTTPS URLs
❌ [Validation Error] Viet Thai (Index: 245):
   - expert_catchline: Invalid input: expected string, received undefined
   - images.hero: Invalid URL
   - images.hero: Hero image must be a valid HTTPS URL
   - images.gallery.0: Invalid URL
   - images.gallery.0: Gallery images must be valid HTTPS URLs
   - images.gallery.1: Invalid URL
   - images.gallery.1: Gallery images must be valid HTTPS URLs
❌ [Validation Error] Wanderlust (Index: 246):
   - category: Invalid input: expected "restaurant"
   - subcategory.0: Invalid option: expected one of "vietnamien"|"japonais"|"français"|"bar à vin"|"pizzeria"|"bistronomie"|"italien"|"éthiopien"|"indien"|"pakistanais"|"asiatique"|"méditerranéen"|"terrasse"|"viande d'exception"|"ferme tard"
   - expert_catchline: Invalid input: expected string, received undefined
   - insider_tip: Insider tips must use 3 bullets format
   - specials.must_eat: Invalid input: expected string, received undefined
   - images.gallery: Minimum 2 gallery photos required
❌ [Validation Error] Lancetta (Index: 247):
   - images.gallery: Minimum 2 gallery photos required
❌ [Validation Error] Le Val Royal (Index: 248):
   - subcategory.0: Invalid option: expected one of "vietnamien"|"japonais"|"français"|"bar à vin"|"pizzeria"|"bistronomie"|"italien"|"éthiopien"|"indien"|"pakistanais"|"asiatique"|"méditerranéen"|"terrasse"|"viande d'exception"|"ferme tard"
   - subcategory.1: Invalid option: expected one of "vietnamien"|"japonais"|"français"|"bar à vin"|"pizzeria"|"bistronomie"|"italien"|"éthiopien"|"indien"|"pakistanais"|"asiatique"|"méditerranéen"|"terrasse"|"viande d'exception"|"ferme tard"
   - subcategory.3: Invalid option: expected one of "vietnamien"|"japonais"|"français"|"bar à vin"|"pizzeria"|"bistronomie"|"italien"|"éthiopien"|"indien"|"pakistanais"|"asiatique"|"méditerranéen"|"terrasse"|"viande d'exception"|"ferme tard"
   - expert_catchline: Invalid input: expected string, received undefined
   - specials.must_eat: must_eat must start with 'Cuisine [Type]. [Plat]' format
❌ [Validation Error] Batofar (Index: 249):
   - category: Invalid input: expected "restaurant"
   - subcategory.0: Invalid option: expected one of "vietnamien"|"japonais"|"français"|"bar à vin"|"pizzeria"|"bistronomie"|"italien"|"éthiopien"|"indien"|"pakistanais"|"asiatique"|"méditerranéen"|"terrasse"|"viande d'exception"|"ferme tard"
   - expert_catchline: Invalid input: expected string, received undefined
   - insider_tip: Insider tips must use 3 bullets format
   - specials.must_eat: Invalid input: expected string, received undefined
   - images.gallery: Minimum 2 gallery photos required
❌ [Validation Error] Djoon (Index: 250):
   - category: Invalid input: expected "restaurant"
   - subcategory.0: Invalid option: expected one of "vietnamien"|"japonais"|"français"|"bar à vin"|"pizzeria"|"bistronomie"|"italien"|"éthiopien"|"indien"|"pakistanais"|"asiatique"|"méditerranéen"|"terrasse"|"viande d'exception"|"ferme tard"
   - expert_catchline: Invalid input: expected string, received undefined
   - insider_tip: Insider tips must use 3 bullets format
   - specials.must_eat: Invalid input: expected string, received undefined
   - images.gallery: Minimum 2 gallery photos required
❌ [Validation Error] Nüba (Index: 251):
   - category: Invalid input: expected "restaurant"
   - subcategory.0: Invalid option: expected one of "vietnamien"|"japonais"|"français"|"bar à vin"|"pizzeria"|"bistronomie"|"italien"|"éthiopien"|"indien"|"pakistanais"|"asiatique"|"méditerranéen"|"terrasse"|"viande d'exception"|"ferme tard"
   - expert_catchline: Invalid input: expected string, received undefined
   - insider_tip: Insider tips must use 3 bullets format
   - specials.must_eat: Invalid input: expected string, received undefined
   - images.gallery: Minimum 2 gallery photos required
❌ [Validation Error] Petit Bain (Index: 252):
   - category: Invalid input: expected "restaurant"
   - subcategory.0: Invalid option: expected one of "vietnamien"|"japonais"|"français"|"bar à vin"|"pizzeria"|"bistronomie"|"italien"|"éthiopien"|"indien"|"pakistanais"|"asiatique"|"méditerranéen"|"terrasse"|"viande d'exception"|"ferme tard"
   - expert_catchline: Invalid input: expected string, received undefined
   - insider_tip: Insider tips must use 3 bullets format
   - specials.must_eat: Invalid input: expected string, received undefined
   - images.gallery: Minimum 2 gallery photos required
❌ [Validation Error] L’Empreinte (Index: 253):
   - insider_tip: Insider tips must use 3 bullets format
   - specials.must_eat: must_eat must start with 'Cuisine [Type]. [Plat]' format
   - images.gallery: Minimum 2 gallery photos required
❌ [Validation Error] La Régalade (Origins 14) (Index: 254):
   - pricing.menu_items.1.items.5.name: Straight apostrophes (') are forbidden in menu items name. Use ’ (U+2019).
   - insider_tip: Insider tips must use 3 bullets format
   - specials.must_eat: must_eat must start with 'Cuisine [Type]. [Plat]' format
   - images.gallery: Minimum 2 gallery photos required
❌ [Validation Error] Auberge du Moulin Vert (Index: 255):
   - pricing.menu_items.0.items.1.name: Straight apostrophes (') are forbidden in menu items name. Use ’ (U+2019).
   - insider_tip: Insider tips must use 3 bullets format
   - specials.must_eat: must_eat must start with 'Cuisine [Type]. [Plat]' format
   - images.gallery: Minimum 2 gallery photos required
❌ [Validation Error] L’Ordonnance (Index: 256):
   - insider_tip: Insider tips must use 3 bullets format
   - specials.must_eat: must_eat must start with 'Cuisine [Type]. [Plat]' format
   - images.gallery: Minimum 2 gallery photos required
❌ [Validation Error] Les Petits Parisiens (Index: 257):
   - insider_tip: Insider tips must use 3 bullets format
   - specials.must_eat: must_eat must start with 'Cuisine [Type]. [Plat]' format
   - images.gallery: Minimum 2 gallery photos required
❌ [Validation Error] Wonderland Patisserie (Index: 258):
   - category: Invalid input: expected "restaurant"
   - insider_tip: Insider tips must use 3 bullets format
   - specials.must_eat: must_eat must start with 'Cuisine [Type]. [Plat]' format
   - images.gallery: Minimum 2 gallery photos required
❌ [Validation Error] Le Zeyer (Index: 259):
   - insider_tip: Insider tips must use 3 bullets format
   - specials.must_eat: must_eat must start with 'Cuisine [Type]. [Plat]' format
   - images.gallery: Minimum 2 gallery photos required
❌ [Validation Error] restaurant A MI-CHEMIN Paris 14 ème (Index: 260):
   - description: Description must be substantive (min 50 chars)
   - expert_catchline: Invalid input: expected string, received undefined
   - images.hero: Invalid URL
   - images.hero: Hero image must be a valid HTTPS URL
   - images.gallery.0: Invalid URL
   - images.gallery.0: Gallery images must be valid HTTPS URLs
   - images.gallery.1: Invalid URL
   - images.gallery.1: Gallery images must be valid HTTPS URLs
❌ [Validation Error] Restaurant Korean Barbecue (Index: 261):
   - expert_catchline: Invalid input: expected string, received undefined
   - images.hero: Invalid URL
   - images.hero: Hero image must be a valid HTTPS URL
   - images.gallery.0: Invalid URL
   - images.gallery.0: Gallery images must be valid HTTPS URLs
   - images.gallery.1: Invalid URL
   - images.gallery.1: Gallery images must be valid HTTPS URLs
❌ [Validation Error] Café du Rendez-Vous (Index: 262):
   - category: Invalid input: expected "restaurant"
   - pricing.menu_items.0.items.0.name: Straight apostrophes (') are forbidden in menu items name. Use ’ (U+2019).
   - insider_tip: Insider tips must use 3 bullets format
   - specials.must_eat: must_eat must start with 'Cuisine [Type]. [Plat]' format
   - images.gallery: Minimum 2 gallery photos required
❌ [Validation Error] Augustin (Index: 263):
   - pricing.menu_items.3.items.2.name: Straight apostrophes (') are forbidden in menu items name. Use ’ (U+2019).
   - insider_tip: Insider tips must use 3 bullets format
   - specials.must_eat: must_eat must start with 'Cuisine [Type]. [Plat]' format
❌ [Validation Error] Baladna (Index: 264):
   - insider_tip: Insider tips must use 3 bullets format
   - specials.must_eat: must_eat must start with 'Cuisine [Type]. [Plat]' format
❌ [Validation Error] Au Bistrot d’à Côté (Index: 265):
   - insider_tip: Insider tips must use 3 bullets format
   - specials.must_eat: must_eat must start with 'Cuisine [Type]. [Plat]' format
   - images.gallery: Minimum 2 gallery photos required
❌ [Validation Error] Café du Rendez-Vous (Index: 266):
   - insider_tip: Insider tips must use 3 bullets format
   - specials.must_eat: must_eat must start with 'Cuisine [Type]. [Plat]' format
❌ [Validation Error] I Grappoli (Index: 267):
   - insider_tip: Insider tips must use 3 bullets format
   - specials.must_eat: must_eat must start with 'Cuisine [Type]. [Plat]' format
❌ [Validation Error] Crêperie de Pont-Aven (Index: 268):
   - insider_tip: Insider tips must use 3 bullets format
   - specials.must_eat: must_eat must start with 'Cuisine [Type]. [Plat]' format
❌ [Validation Error] Le Bistrot des Campagnes (Index: 269):
   - insider_tip: Insider tips must use 3 bullets format
   - specials.must_eat: must_eat must start with 'Cuisine [Type]. [Plat]' format
   - images.gallery: Minimum 2 gallery photos required
❌ [Validation Error] Jazz Café Montparnasse (Index: 270):
   - insider_tip: Insider tips must use 3 bullets format
   - specials.must_eat: must_eat must start with 'Cuisine [Type]. [Plat]' format
   - images.gallery: Minimum 2 gallery photos required
❌ [Validation Error] MOSUGO (Index: 271):
   - insider_tip: Insider tips must use 3 bullets format
   - specials.must_eat: must_eat must start with 'Cuisine [Type]. [Plat]' format
❌ [Validation Error] Le Plomb du Cantal (Index: 272):
   - insider_tip: Insider tips must use 3 bullets format
   - specials.must_eat: must_eat must start with 'Cuisine [Type]. [Plat]' format
   - images.gallery: Minimum 2 gallery photos required
❌ [Validation Error] Tripletta Gaité (Index: 273):
   - pricing.menu_items.2.items.2.name: Straight apostrophes (') are forbidden in menu items name. Use ’ (U+2019).
   - insider_tip: Insider tips must use 3 bullets format
   - specials.must_eat: must_eat must start with 'Cuisine [Type]. [Plat]' format
   - images.gallery: Minimum 2 gallery photos required
❌ [Validation Error] Umami Burger (Index: 274):
   - insider_tip: Insider tips must use 3 bullets format
   - specials.must_eat: must_eat must start with 'Cuisine [Type]. [Plat]' format
❌ [Validation Error] Le Bistrot du Dôme (Index: 275):
   - pricing.menu_items.0.items.2.name: Straight apostrophes (') are forbidden in menu items name. Use ’ (U+2019).
   - pricing.menu_items.0.items.5.name: Straight apostrophes (') are forbidden in menu items name. Use ’ (U+2019).
   - insider_tip: Insider tips must use 3 bullets format
   - specials.must_eat: must_eat must start with 'Cuisine [Type]. [Plat]' format
   - images.gallery: Minimum 2 gallery photos required
❌ [Validation Error] La Closerie des Lilas (Index: 276):
   - pricing.menu_items.2.items.4.name: Straight apostrophes (') are forbidden in menu items name. Use ’ (U+2019).
   - insider_tip: Insider tips must use 3 bullets format
   - specials.must_eat: must_eat must start with 'Cuisine [Type]. [Plat]' format
   - images.gallery: Minimum 2 gallery photos required
❌ [Validation Error] Les Grillades de Buenos Aires (Index: 277):
   - insider_tip: Insider tips must use 3 bullets format
   - specials.must_eat: must_eat must start with 'Cuisine [Type]. [Plat]' format
❌ [Validation Error] Hanoi Quan (Index: 278):
   - expert_catchline: Invalid input: expected string, received undefined
   - images.hero: Invalid URL
   - images.hero: Hero image must be a valid HTTPS URL
   - images.gallery.0: Invalid URL
   - images.gallery.0: Gallery images must be valid HTTPS URLs
   - images.gallery.1: Invalid URL
   - images.gallery.1: Gallery images must be valid HTTPS URLs
❌ [Validation Error] La Taverne de Zhao (Index: 279):
   - expert_catchline: Invalid input: expected string, received undefined
   - images.hero: Invalid URL
   - images.hero: Hero image must be a valid HTTPS URL
   - images.gallery.0: Invalid URL
   - images.gallery.0: Gallery images must be valid HTTPS URLs
   - images.gallery.1: Invalid URL
   - images.gallery.1: Gallery images must be valid HTTPS URLs
❌ [Validation Error] Le Duc (Index: 280):
   - pricing.menu_items.0.items.1.name: Straight apostrophes (') are forbidden in menu items name. Use ’ (U+2019).
   - insider_tip: Insider tips must use 3 bullets format
   - specials.must_eat: must_eat must start with 'Cuisine [Type]. [Plat]' format
   - images.gallery: Minimum 2 gallery photos required
❌ [Validation Error] MR CHOW (Index: 281):
   - expert_catchline: Invalid input: expected string, received undefined
   - images.hero: Invalid URL
   - images.hero: Hero image must be a valid HTTPS URL
   - images.gallery.0: Invalid URL
   - images.gallery.0: Gallery images must be valid HTTPS URLs
   - images.gallery.1: Invalid URL
   - images.gallery.1: Gallery images must be valid HTTPS URLs
❌ [Validation Error] Le Petit Sommelier (Index: 282):
   - pricing.menu_items.1.items.7.name: Straight apostrophes (') are forbidden in menu items name. Use ’ (U+2019).
   - insider_tip: Insider tips must use 3 bullets format
   - specials.must_eat: must_eat must start with 'Cuisine [Type]. [Plat]' format
   - images.gallery: Minimum 2 gallery photos required
❌ [Validation Error] A Mi-Chemin (Index: 283):
   - pricing.menu_items.1.items.1.name: Straight apostrophes (') are forbidden in menu items name. Use ’ (U+2019).
   - insider_tip: Insider tips must use 3 bullets format
   - specials.must_eat: must_eat must start with 'Cuisine [Type]. [Plat]' format
   - images.gallery: Minimum 2 gallery photos required
❌ [Validation Error] La Cantine du Troquet Pernety (Index: 284):
   - insider_tip: Insider tips must use 3 bullets format
   - specials.must_eat: must_eat must start with 'Cuisine [Type]. [Plat]' format
   - images.gallery: Minimum 2 gallery photos required
❌ [Validation Error] La Cerisaie (Index: 285):
   - insider_tip: Insider tips must use 3 bullets format
   - specials.must_eat: must_eat must start with 'Cuisine [Type]. [Plat]' format
   - images.gallery: Minimum 2 gallery photos required
❌ [Validation Error] L’Entrepôt (Index: 286):
   - insider_tip: Insider tips must use 3 bullets format
   - specials.must_eat: must_eat must start with 'Cuisine [Type]. [Plat]' format
❌ [Validation Error] Le Moulin de la Vierge (Index: 287):
   - category: Invalid input: expected "restaurant"
   - insider_tip: Insider tips must use 3 bullets format
   - specials.must_eat: must_eat must start with 'Cuisine [Type]. [Plat]' format
   - images.gallery: Minimum 2 gallery photos required
❌ [Validation Error] Papy aux Fourneaux (Index: 288):
   - pricing.menu_items.1.items.0.name: Straight apostrophes (') are forbidden in menu items name. Use ’ (U+2019).
   - insider_tip: Insider tips must use 3 bullets format
   - specials.must_eat: must_eat must start with 'Cuisine [Type]. [Plat]' format
   - images.gallery: Minimum 2 gallery photos required
❌ [Validation Error] Le Saut du Crapaud (Index: 289):
   - insider_tip: Insider tips must use 3 bullets format
   - specials.must_eat: must_eat must start with 'Cuisine [Type]. [Plat]' format
   - images.gallery: Minimum 2 gallery photos required
❌ [Validation Error] Bistrotters (Index: 290):
   - insider_tip: Insider tips must use 3 bullets format
   - specials.must_eat: must_eat must start with 'Cuisine [Type]. [Plat]' format
   - images.gallery: Minimum 2 gallery photos required
❌ [Validation Error] Chez Alphonse (Index: 291):
   - subcategory.0: Invalid option: expected one of "vietnamien"|"japonais"|"français"|"bar à vin"|"pizzeria"|"bistronomie"|"italien"|"éthiopien"|"indien"|"pakistanais"|"asiatique"|"méditerranéen"|"terrasse"|"viande d'exception"|"ferme tard"
   - subcategory.1: Invalid option: expected one of "vietnamien"|"japonais"|"français"|"bar à vin"|"pizzeria"|"bistronomie"|"italien"|"éthiopien"|"indien"|"pakistanais"|"asiatique"|"méditerranéen"|"terrasse"|"viande d'exception"|"ferme tard"
   - subcategory.3: Invalid option: expected one of "vietnamien"|"japonais"|"français"|"bar à vin"|"pizzeria"|"bistronomie"|"italien"|"éthiopien"|"indien"|"pakistanais"|"asiatique"|"méditerranéen"|"terrasse"|"viande d'exception"|"ferme tard"
   - subcategory.4: Invalid option: expected one of "vietnamien"|"japonais"|"français"|"bar à vin"|"pizzeria"|"bistronomie"|"italien"|"éthiopien"|"indien"|"pakistanais"|"asiatique"|"méditerranéen"|"terrasse"|"viande d'exception"|"ferme tard"
   - subcategory.5: Invalid option: expected one of "vietnamien"|"japonais"|"français"|"bar à vin"|"pizzeria"|"bistronomie"|"italien"|"éthiopien"|"indien"|"pakistanais"|"asiatique"|"méditerranéen"|"terrasse"|"viande d'exception"|"ferme tard"
   - expert_catchline: Invalid input: expected string, received undefined
   - specials.must_eat: must_eat must start with 'Cuisine [Type]. [Plat]' format
❌ [Validation Error] Boulangerie L’Essentiel (Index: 292):
   - category: Invalid input: expected "restaurant"
   - insider_tip: Insider tips must use 3 bullets format
   - specials.must_eat: must_eat must start with 'Cuisine [Type]. [Plat]' format
   - images.gallery: Minimum 2 gallery photos required
❌ [Validation Error] L’Imprévu (Index: 293):
   - insider_tip: Insider tips must use 3 bullets format
   - specials.must_eat: must_eat must start with 'Cuisine [Type]. [Plat]' format
   - images.gallery: Minimum 2 gallery photos required
❌ [Validation Error] L’Assiette (Index: 294):
   - insider_tip: Insider tips must use 3 bullets format
   - specials.must_eat: must_eat must start with 'Cuisine [Type]. [Plat]' format
   - images.gallery: Minimum 2 gallery photos required
❌ [Validation Error] Le Cornichon (Index: 295):
   - pricing.menu_items.2.items.0.name: Straight apostrophes (') are forbidden in menu items name. Use ’ (U+2019).
   - insider_tip: Insider tips must use 3 bullets format
   - specials.must_eat: must_eat must start with 'Cuisine [Type]. [Plat]' format
❌ [Validation Error] L’Opportun (Index: 296):
   - pricing.menu_items.0.items.0.name: Straight apostrophes (') are forbidden in menu items name. Use ’ (U+2019).
   - insider_tip: Insider tips must use 3 bullets format
   - specials.must_eat: must_eat must start with 'Cuisine [Type]. [Plat]' format
   - images.gallery: Minimum 2 gallery photos required
❌ [Validation Error] Le Pavillon Montsouris (Index: 297):
   - insider_tip: Insider tips must use 3 bullets format
   - specials.must_eat: must_eat must start with 'Cuisine [Type]. [Plat]' format
   - images.gallery: Minimum 2 gallery photos required
❌ [Validation Error] Les Petits Plats (Index: 298):
   - insider_tip: Insider tips must use 3 bullets format
   - specials.must_eat: must_eat must start with 'Cuisine [Type]. [Plat]' format
   - images.gallery: Minimum 2 gallery photos required
❌ [Validation Error] Le Severo (Index: 299):
   - insider_tip: Insider tips must use 3 bullets format
   - specials.must_eat: must_eat must start with 'Cuisine [Type]. [Plat]' format
   - images.gallery: Minimum 2 gallery photos required
❌ [Validation Error] Le Verre Siffleur (Index: 300):
   - insider_tip: Insider tips must use 3 bullets format
   - specials.must_eat: must_eat must start with 'Cuisine [Type]. [Plat]' format
   - images.gallery: Minimum 2 gallery photos required
❌ [Validation Error] Chez Papa Montparnasse (Index: 301):
   - pricing.menu_items.0.items.3.name: Straight apostrophes (') are forbidden in menu items name. Use ’ (U+2019).
   - pricing.menu_items.1.items.0.name: Straight apostrophes (') are forbidden in menu items name. Use ’ (U+2019).
   - pricing.menu_items.1.items.3.name: Straight apostrophes (') are forbidden in menu items name. Use ’ (U+2019).
   - insider_tip: Insider tips must use 3 bullets format
   - specials.must_eat: must_eat must start with 'Cuisine [Type]. [Plat]' format
   - images.gallery: Minimum 2 gallery photos required
❌ [Validation Error] Le Dôme Montparnasse (Index: 302):
   - pricing.menu_items.0.items.7.name: Straight apostrophes (') are forbidden in menu items name. Use ’ (U+2019).
   - pricing.menu_items.2.items.0.name: Straight apostrophes (') are forbidden in menu items name. Use ’ (U+2019).
   - insider_tip: Insider tips must use 3 bullets format
   - specials.must_eat: must_eat must start with 'Cuisine [Type]. [Plat]' format
   - images.gallery: Minimum 2 gallery photos required
❌ [Validation Error] La Coupole (Index: 303):
   - pricing.menu_items.0.items.0.name: Straight apostrophes (') are forbidden in menu items name. Use ’ (U+2019).
   - insider_tip: Insider tips must use 3 bullets format
   - specials.must_eat: must_eat must start with 'Cuisine [Type]. [Plat]' format
❌ [Validation Error] La Manifattura (Index: 304):
   - pricing.menu_items.0.items.1.name: Straight apostrophes (') are forbidden in menu items name. Use ’ (U+2019).
   - pricing.menu_items.0.items.3.name: Straight apostrophes (') are forbidden in menu items name. Use ’ (U+2019).
   - pricing.menu_items.1.items.0.name: Straight apostrophes (') are forbidden in menu items name. Use ’ (U+2019).
   - insider_tip: Insider tips must use 3 bullets format
   - specials.must_eat: must_eat must start with 'Cuisine [Type]. [Plat]' format
❌ [Validation Error] Le Select (Index: 305):
   - pricing.menu_items.0.items.5.name: Straight apostrophes (') are forbidden in menu items name. Use ’ (U+2019).
   - insider_tip: Insider tips must use 3 bullets format
   - specials.must_eat: must_eat must start with 'Cuisine [Type]. [Plat]' format
   - images.gallery: Minimum 2 gallery photos required
❌ [Validation Error] La Rotonde Montparnasse (Index: 306):
   - insider_tip: Insider tips must use 3 bullets format
   - specials.must_eat: must_eat must start with 'Cuisine [Type]. [Plat]' format
❌ [Validation Error] Afaria (Index: 307):
   - images.hero: Invalid URL
   - images.hero: Hero image must be a valid HTTPS URL
   - images.gallery.0: Invalid URL
   - images.gallery.0: Gallery images must be valid HTTPS URLs
   - images.gallery.1: Invalid URL
   - images.gallery.1: Gallery images must be valid HTTPS URLs
❌ [Validation Error] Chakaiseki Akiyoshi (Index: 308):
   - pricing.menu_items.4.items.3.name: Straight apostrophes (') are forbidden in menu items name. Use ’ (U+2019).
   - expert_catchline: Invalid input: expected string, received undefined
   - specials.must_eat: must_eat must start with 'Cuisine [Type]. [Plat]' format
❌ [Validation Error] Guillaume Grasso (Index: 309):
   - pricing.menu_items.4.items.0.name: Straight apostrophes (') are forbidden in menu items name. Use ’ (U+2019).
   - expert_catchline: Invalid input: expected string, received undefined
   - specials.must_eat: must_eat must start with 'Cuisine [Type]. [Plat]' format
❌ [Validation Error] Habesha (Index: 310):
   - expert_catchline: Invalid input: expected string, received undefined
   - images.hero: Invalid URL
   - images.hero: Hero image must be a valid HTTPS URL
   - images.gallery.0: Invalid URL
   - images.gallery.0: Gallery images must be valid HTTPS URLs
   - images.gallery.1: Invalid URL
   - images.gallery.1: Gallery images must be valid HTTPS URLs
❌ [Validation Error] L’Accolade (Index: 311):
   - images.hero: Invalid URL
   - images.hero: Hero image must be a valid HTTPS URL
   - images.gallery.0: Invalid URL
   - images.gallery.0: Gallery images must be valid HTTPS URLs
   - images.gallery.1: Invalid URL
   - images.gallery.1: Gallery images must be valid HTTPS URLs
❌ [Validation Error] L’Antre Amis (Index: 312):
   - pricing.menu_items.0.items.7.name: Straight apostrophes (') are forbidden in menu items name. Use ’ (U+2019).
   - pricing.menu_items.1.items.4.name: Straight apostrophes (') are forbidden in menu items name. Use ’ (U+2019).
   - images.hero: Invalid URL
   - images.hero: Hero image must be a valid HTTPS URL
   - images.gallery.0: Invalid URL
   - images.gallery.0: Gallery images must be valid HTTPS URLs
   - images.gallery.1: Invalid URL
   - images.gallery.1: Gallery images must be valid HTTPS URLs
❌ [Validation Error] L’Os à moelle (Index: 313):
   - images.hero: Invalid URL
   - images.hero: Hero image must be a valid HTTPS URL
   - images.gallery.0: Invalid URL
   - images.gallery.0: Gallery images must be valid HTTPS URLs
   - images.gallery.1: Invalid URL
   - images.gallery.1: Gallery images must be valid HTTPS URLs
❌ [Validation Error] La Retraite du Père Claude (Index: 314):
   - expert_catchline: Invalid input: expected string, received undefined
   - images.hero: Invalid URL
   - images.hero: Hero image must be a valid HTTPS URL
   - images.gallery.0: Invalid URL
   - images.gallery.0: Gallery images must be valid HTTPS URLs
   - images.gallery.1: Invalid URL
   - images.gallery.1: Gallery images must be valid HTTPS URLs
❌ [Validation Error] La Véraison (Index: 315):
   - subcategory: subcategory cannot be empty
   - description: Description must be substantive (min 50 chars)
   - images.hero: Invalid URL
   - images.hero: Hero image must be a valid HTTPS URL
   - images.gallery.0: Invalid URL
   - images.gallery.0: Gallery images must be valid HTTPS URLs
   - images.gallery.1: Invalid URL
   - images.gallery.1: Gallery images must be valid HTTPS URLs
❌ [Validation Error] Le Bélisaire (Index: 316):
   - expert_catchline: Invalid input: expected string, received undefined
   - images.hero: Invalid URL
   - images.hero: Hero image must be a valid HTTPS URL
   - images.gallery.0: Invalid URL
   - images.gallery.0: Gallery images must be valid HTTPS URLs
   - images.gallery.1: Invalid URL
   - images.gallery.1: Gallery images must be valid HTTPS URLs
❌ [Validation Error] Le Beurre Noisette (Index: 317):
   - images.hero: Invalid URL
   - images.hero: Hero image must be a valid HTTPS URL
   - images.gallery.0: Invalid URL
   - images.gallery.0: Gallery images must be valid HTTPS URLs
   - images.gallery.1: Invalid URL
   - images.gallery.1: Gallery images must be valid HTTPS URLs
❌ [Validation Error] Le Bistrot d’André (Index: 318):
   - expert_catchline: Invalid input: expected string, received undefined
   - images.hero: Invalid URL
   - images.hero: Hero image must be a valid HTTPS URL
   - images.gallery.0: Invalid URL
   - images.gallery.0: Gallery images must be valid HTTPS URLs
   - images.gallery.1: Invalid URL
   - images.gallery.1: Gallery images must be valid HTTPS URLs
❌ [Validation Error] Le Café du Commerce (Index: 319):
   - pricing.menu_items.1.items.1.name: Straight apostrophes (') are forbidden in menu items name. Use ’ (U+2019).
   - images.hero: Invalid URL
   - images.hero: Hero image must be a valid HTTPS URL
   - images.gallery.0: Invalid URL
   - images.gallery.0: Gallery images must be valid HTTPS URLs
   - images.gallery.1: Invalid URL
   - images.gallery.1: Gallery images must be valid HTTPS URLs
❌ [Validation Error] Le CasseNoix (Index: 320):
   - expert_catchline: Invalid input: expected string, received undefined
   - images.hero: Invalid URL
   - images.hero: Hero image must be a valid HTTPS URL
   - images.gallery.0: Invalid URL
   - images.gallery.0: Gallery images must be valid HTTPS URLs
   - images.gallery.1: Invalid URL
   - images.gallery.1: Gallery images must be valid HTTPS URLs
❌ [Validation Error] Le Grand Pan (Index: 321):
   - pricing.menu_items.4.items.1.name: Straight apostrophes (') are forbidden in menu items name. Use ’ (U+2019).
   - expert_catchline: Invalid input: expected string, received undefined
❌ [Validation Error] Le Troquet (Index: 322):
   - images.hero: Invalid URL
   - images.hero: Hero image must be a valid HTTPS URL
   - images.gallery.0: Invalid URL
   - images.gallery.0: Gallery images must be valid HTTPS URLs
   - images.gallery.1: Invalid URL
   - images.gallery.1: Gallery images must be valid HTTPS URLs
❌ [Validation Error] Le Volant Basque (Index: 323):
   - subcategory: subcategory cannot be empty
   - description: Description must be substantive (min 50 chars)
   - images.hero: Invalid URL
   - images.hero: Hero image must be a valid HTTPS URL
   - images.gallery.0: Invalid URL
   - images.gallery.0: Gallery images must be valid HTTPS URLs
   - images.gallery.1: Invalid URL
   - images.gallery.1: Gallery images must be valid HTTPS URLs
❌ [Validation Error] Lylee (Index: 324):
   - expert_catchline: Invalid input: expected string, received undefined
   - images.hero: Invalid URL
   - images.hero: Hero image must be a valid HTTPS URL
   - images.gallery.0: Invalid URL
   - images.gallery.0: Gallery images must be valid HTTPS URLs
   - images.gallery.1: Invalid URL
   - images.gallery.1: Gallery images must be valid HTTPS URLs
❌ [Validation Error] Neige d’Été (Index: 325):
   - pricing.menu_items.4.items.0.name: Straight apostrophes (') are forbidden in menu items name. Use ’ (U+2019).
   - pricing.menu_items.4.items.1.name: Straight apostrophes (') are forbidden in menu items name. Use ’ (U+2019).
   - pricing.menu_items.4.items.3.name: Straight apostrophes (') are forbidden in menu items name. Use ’ (U+2019).
   - expert_catchline: Invalid input: expected string, received undefined
   - specials.must_eat: must_eat must start with 'Cuisine [Type]. [Plat]' format
❌ [Validation Error] Pedzouille La Grange (Index: 326):
   - images.hero: Invalid URL
   - images.hero: Hero image must be a valid HTTPS URL
   - images.gallery.0: Invalid URL
   - images.gallery.0: Gallery images must be valid HTTPS URLs
   - images.gallery.1: Invalid URL
   - images.gallery.1: Gallery images must be valid HTTPS URLs
❌ [Validation Error] Petit Pan (Index: 327):
   - subcategory: subcategory cannot be empty
   - description: Description must be substantive (min 50 chars)
   - images.hero: Invalid URL
   - images.hero: Hero image must be a valid HTTPS URL
   - images.gallery.0: Invalid URL
   - images.gallery.0: Gallery images must be valid HTTPS URLs
   - images.gallery.1: Invalid URL
   - images.gallery.1: Gallery images must be valid HTTPS URLs
❌ [Validation Error] Sawadee (Index: 328):
   - images.hero: Invalid URL
   - images.hero: Hero image must be a valid HTTPS URL
   - images.gallery.0: Invalid URL
   - images.gallery.0: Gallery images must be valid HTTPS URLs
   - images.gallery.1: Invalid URL
   - images.gallery.1: Gallery images must be valid HTTPS URLs
❌ [Validation Error] Sharma Ji (Index: 329):
   - expert_catchline: Invalid input: expected string, received undefined
   - images.hero: Invalid URL
   - images.hero: Hero image must be a valid HTTPS URL
   - images.gallery.0: Invalid URL
   - images.gallery.0: Gallery images must be valid HTTPS URLs
   - images.gallery.1: Invalid URL
   - images.gallery.1: Gallery images must be valid HTTPS URLs
❌ [Validation Error] Stéphane Martin (Index: 330):
   - subcategory: subcategory cannot be empty
   - description: Description must be substantive (min 50 chars)
   - images.hero: Invalid URL
   - images.hero: Hero image must be a valid HTTPS URL
   - images.gallery.0: Invalid URL
   - images.gallery.0: Gallery images must be valid HTTPS URLs
   - images.gallery.1: Invalid URL
   - images.gallery.1: Gallery images must be valid HTTPS URLs
❌ [Validation Error] AlKaram (Index: 331):
   - subcategory.0: Invalid option: expected one of "vietnamien"|"japonais"|"français"|"bar à vin"|"pizzeria"|"bistronomie"|"italien"|"éthiopien"|"indien"|"pakistanais"|"asiatique"|"méditerranéen"|"terrasse"|"viande d'exception"|"ferme tard"
   - subcategory.1: Invalid option: expected one of "vietnamien"|"japonais"|"français"|"bar à vin"|"pizzeria"|"bistronomie"|"italien"|"éthiopien"|"indien"|"pakistanais"|"asiatique"|"méditerranéen"|"terrasse"|"viande d'exception"|"ferme tard"
   - subcategory.2: Invalid option: expected one of "vietnamien"|"japonais"|"français"|"bar à vin"|"pizzeria"|"bistronomie"|"italien"|"éthiopien"|"indien"|"pakistanais"|"asiatique"|"méditerranéen"|"terrasse"|"viande d'exception"|"ferme tard"
   - subcategory.3: Invalid option: expected one of "vietnamien"|"japonais"|"français"|"bar à vin"|"pizzeria"|"bistronomie"|"italien"|"éthiopien"|"indien"|"pakistanais"|"asiatique"|"méditerranéen"|"terrasse"|"viande d'exception"|"ferme tard"
   - subcategory.4: Invalid option: expected one of "vietnamien"|"japonais"|"français"|"bar à vin"|"pizzeria"|"bistronomie"|"italien"|"éthiopien"|"indien"|"pakistanais"|"asiatique"|"méditerranéen"|"terrasse"|"viande d'exception"|"ferme tard"
   - subcategory.5: Invalid option: expected one of "vietnamien"|"japonais"|"français"|"bar à vin"|"pizzeria"|"bistronomie"|"italien"|"éthiopien"|"indien"|"pakistanais"|"asiatique"|"méditerranéen"|"terrasse"|"viande d'exception"|"ferme tard"
   - expert_catchline: Invalid input: expected string, received undefined
   - specials.must_eat: must_eat must start with 'Cuisine [Type]. [Plat]' format
❌ [Validation Error] L’Intrigue (Index: 332):
   - subcategory.0: Invalid option: expected one of "vietnamien"|"japonais"|"français"|"bar à vin"|"pizzeria"|"bistronomie"|"italien"|"éthiopien"|"indien"|"pakistanais"|"asiatique"|"méditerranéen"|"terrasse"|"viande d'exception"|"ferme tard"
   - subcategory.1: Invalid option: expected one of "vietnamien"|"japonais"|"français"|"bar à vin"|"pizzeria"|"bistronomie"|"italien"|"éthiopien"|"indien"|"pakistanais"|"asiatique"|"méditerranéen"|"terrasse"|"viande d'exception"|"ferme tard"
   - subcategory.2: Invalid option: expected one of "vietnamien"|"japonais"|"français"|"bar à vin"|"pizzeria"|"bistronomie"|"italien"|"éthiopien"|"indien"|"pakistanais"|"asiatique"|"méditerranéen"|"terrasse"|"viande d'exception"|"ferme tard"
   - subcategory.3: Invalid option: expected one of "vietnamien"|"japonais"|"français"|"bar à vin"|"pizzeria"|"bistronomie"|"italien"|"éthiopien"|"indien"|"pakistanais"|"asiatique"|"méditerranéen"|"terrasse"|"viande d'exception"|"ferme tard"
   - subcategory.5: Invalid option: expected one of "vietnamien"|"japonais"|"français"|"bar à vin"|"pizzeria"|"bistronomie"|"italien"|"éthiopien"|"indien"|"pakistanais"|"asiatique"|"méditerranéen"|"terrasse"|"viande d'exception"|"ferme tard"
   - subcategory.6: Invalid option: expected one of "vietnamien"|"japonais"|"français"|"bar à vin"|"pizzeria"|"bistronomie"|"italien"|"éthiopien"|"indien"|"pakistanais"|"asiatique"|"méditerranéen"|"terrasse"|"viande d'exception"|"ferme tard"
   - expert_catchline: Invalid input: expected string, received undefined
   - specials.must_eat: must_eat must start with 'Cuisine [Type]. [Plat]' format
❌ [Validation Error] Le Baribal (Index: 333):
   - images.gallery: Minimum 2 gallery photos required
❌ [Validation Error] Brasserie Auteuil (Index: 334):
   - images.hero: Invalid URL
   - images.hero: Hero image must be a valid HTTPS URL
   - images.gallery.0: Invalid URL
   - images.gallery.0: Gallery images must be valid HTTPS URLs
   - images.gallery.1: Invalid URL
   - images.gallery.1: Gallery images must be valid HTTPS URLs
❌ [Validation Error] CRAVAN (Index: 335):
   - pricing.menu_items.0.items.5.name: Straight apostrophes (') are forbidden in menu items name. Use ’ (U+2019).
   - images.hero: Invalid URL
   - images.hero: Hero image must be a valid HTTPS URL
   - images.gallery.0: Invalid URL
   - images.gallery.0: Gallery images must be valid HTTPS URLs
   - images.gallery.1: Invalid URL
   - images.gallery.1: Gallery images must be valid HTTPS URLs
❌ [Validation Error] ANDIA (Index: 336):
   - insider_tip: Insider tips must use 3 bullets format
   - images.hero: Invalid URL
   - images.hero: Hero image must be a valid HTTPS URL
   - images.gallery.0: Invalid URL
   - images.gallery.0: Gallery images must be valid HTTPS URLs
   - images.gallery.1: Invalid URL
   - images.gallery.1: Gallery images must be valid HTTPS URLs
❌ [Validation Error] L’Auberge du Bonheur (Index: 337):
   - images.hero: Invalid URL
   - images.hero: Hero image must be a valid HTTPS URL
   - images.gallery.0: Invalid URL
   - images.gallery.0: Gallery images must be valid HTTPS URLs
   - images.gallery.1: Invalid URL
   - images.gallery.1: Gallery images must be valid HTTPS URLs
❌ [Validation Error] Bambini Paris (Index: 338):
   - description: Description must be substantive (min 50 chars)
   - images.hero: Invalid URL
   - images.hero: Hero image must be a valid HTTPS URL
   - images.gallery.0: Invalid URL
   - images.gallery.0: Gallery images must be valid HTTPS URLs
   - images.gallery.1: Invalid URL
   - images.gallery.1: Gallery images must be valid HTTPS URLs
❌ [Validation Error] Bellefeuille (Index: 339):
   - pricing.menu_items.3.items.1.name: Straight apostrophes (') are forbidden in menu items name. Use ’ (U+2019).
   - images.hero: Invalid URL
   - images.hero: Hero image must be a valid HTTPS URL
   - images.gallery.0: Invalid URL
   - images.gallery.0: Gallery images must be valid HTTPS URLs
   - images.gallery.1: Invalid URL
   - images.gallery.1: Gallery images must be valid HTTPS URLs
❌ [Validation Error] Blanc (Index: 340):
   - pricing.menu_items.3.items.0.name: Straight apostrophes (') are forbidden in menu items name. Use ’ (U+2019).
   - pricing.menu_items.3.items.4.name: Straight apostrophes (') are forbidden in menu items name. Use ’ (U+2019).
   - pricing.menu_items.3.items.5.name: Straight apostrophes (') are forbidden in menu items name. Use ’ (U+2019).
   - images.hero: Invalid URL
   - images.hero: Hero image must be a valid HTTPS URL
   - images.gallery.0: Invalid URL
   - images.gallery.0: Gallery images must be valid HTTPS URLs
   - images.gallery.1: Invalid URL
   - images.gallery.1: Gallery images must be valid HTTPS URLs
❌ [Validation Error] Comice (Index: 341):
   - pricing.menu_items.4.items.2.name: Straight apostrophes (') are forbidden in menu items name. Use ’ (U+2019).
❌ [Validation Error] Corail Restaurant (Index: 342):
   - pricing.menu_items.4.items.0.name: Straight apostrophes (') are forbidden in menu items name. Use ’ (U+2019).
   - pricing.menu_items.4.items.1.name: Straight apostrophes (') are forbidden in menu items name. Use ’ (U+2019).
   - insider_tip: Insider tips must use 3 bullets format
   - images.hero: Invalid URL
   - images.hero: Hero image must be a valid HTTPS URL
   - images.gallery.0: Invalid URL
   - images.gallery.0: Gallery images must be valid HTTPS URLs
   - images.gallery.1: Invalid URL
   - images.gallery.1: Gallery images must be valid HTTPS URLs
❌ [Validation Error] Geoélia (Index: 343):
   - pricing.menu_items.3.items.0.name: Straight apostrophes (') are forbidden in menu items name. Use ’ (U+2019).
   - pricing.menu_items.3.items.1.name: Straight apostrophes (') are forbidden in menu items name. Use ’ (U+2019).
   - insider_tip: Insider tips must use 3 bullets format
   - images.hero: Invalid URL
   - images.hero: Hero image must be a valid HTTPS URL
   - images.gallery.0: Invalid URL
   - images.gallery.0: Gallery images must be valid HTTPS URLs
   - images.gallery.1: Invalid URL
   - images.gallery.1: Gallery images must be valid HTTPS URLs
❌ [Validation Error] L’Oiseau Blanc (Index: 344):
   - pricing.menu_items.0.items.2.name: Straight apostrophes (') are forbidden in menu items name. Use ’ (U+2019).
   - pricing.menu_items.0.items.3.name: Straight apostrophes (') are forbidden in menu items name. Use ’ (U+2019).
   - pricing.menu_items.3.items.1.name: Straight apostrophes (') are forbidden in menu items name. Use ’ (U+2019).
   - images.hero: Invalid URL
   - images.hero: Hero image must be a valid HTTPS URL
   - images.gallery.0: Invalid URL
   - images.gallery.0: Gallery images must be valid HTTPS URLs
   - images.gallery.1: Invalid URL
   - images.gallery.1: Gallery images must be valid HTTPS URLs
❌ [Validation Error] Le Flandrin (Index: 345):
   - pricing.menu_items.3.items.2.name: Straight apostrophes (') are forbidden in menu items name. Use ’ (U+2019).
   - insider_tip: Insider tips must use 3 bullets format
❌ [Validation Error] Le Petit Rétro (Index: 346):
   - pricing.menu_items.1.items.5.name: Straight apostrophes (') are forbidden in menu items name. Use ’ (U+2019).
   - images.hero: Invalid URL
   - images.hero: Hero image must be a valid HTTPS URL
   - images.gallery.0: Invalid URL
   - images.gallery.0: Gallery images must be valid HTTPS URLs
   - images.gallery.1: Invalid URL
   - images.gallery.1: Gallery images must be valid HTTPS URLs
❌ [Validation Error] Le Pré Catelan (Index: 347):
   - images.hero: Invalid URL
   - images.hero: Hero image must be a valid HTTPS URL
   - images.gallery.0: Invalid URL
   - images.gallery.0: Gallery images must be valid HTTPS URLs
   - images.gallery.1: Invalid URL
   - images.gallery.1: Gallery images must be valid HTTPS URLs
❌ [Validation Error] Radioeat (Index: 348):
   - images.hero: Invalid URL
   - images.hero: Hero image must be a valid HTTPS URL
   - images.gallery.0: Invalid URL
   - images.gallery.0: Gallery images must be valid HTTPS URLs
   - images.gallery.1: Invalid URL
   - images.gallery.1: Gallery images must be valid HTTPS URLs
❌ [Validation Error] Restaurant Don Juan II - Yachts de Paris (Index: 349):
   - pricing.menu_items.2.items.2.name: Straight apostrophes (') are forbidden in menu items name. Use ’ (U+2019).
   - pricing.menu_items.2.items.3.name: Straight apostrophes (') are forbidden in menu items name. Use ’ (U+2019).
   - pricing.menu_items.2.items.4.name: Straight apostrophes (') are forbidden in menu items name. Use ’ (U+2019).
   - pricing.menu_items.2.items.9.name: Straight apostrophes (') are forbidden in menu items name. Use ’ (U+2019).
   - pricing.menu_items.2.items.10.name: Straight apostrophes (') are forbidden in menu items name. Use ’ (U+2019).
   - insider_tip: Insider tips must use 3 bullets format
   - images.hero: Invalid URL
   - images.hero: Hero image must be a valid HTTPS URL
   - images.gallery.0: Invalid URL
   - images.gallery.0: Gallery images must be valid HTTPS URLs
   - images.gallery.1: Invalid URL
   - images.gallery.1: Gallery images must be valid HTTPS URLs
❌ [Validation Error] Shang Palace (Index: 350):
   - pricing.menu_items.3.items.2.name: Straight apostrophes (') are forbidden in menu items name. Use ’ (U+2019).
   - images.hero: Invalid URL
   - images.hero: Hero image must be a valid HTTPS URL
   - images.gallery.0: Invalid URL
   - images.gallery.0: Gallery images must be valid HTTPS URLs
   - images.gallery.1: Invalid URL
   - images.gallery.1: Gallery images must be valid HTTPS URLs
❌ [Validation Error] Substance (Index: 351):
   - images.hero: Invalid URL
   - images.hero: Hero image must be a valid HTTPS URL
   - images.gallery.0: Invalid URL
   - images.gallery.0: Gallery images must be valid HTTPS URLs
   - images.gallery.1: Invalid URL
   - images.gallery.1: Gallery images must be valid HTTPS URLs
❌ [Validation Error] Villa Sophia (Index: 352):
   - images.hero: Invalid URL
   - images.hero: Hero image must be a valid HTTPS URL
   - images.gallery.0: Invalid URL
   - images.gallery.0: Gallery images must be valid HTTPS URLs
   - images.gallery.1: Invalid URL
   - images.gallery.1: Gallery images must be valid HTTPS URLs
❌ [Validation Error] Zostera (Index: 353):
   - pricing.menu_items.0.items.2.name: Straight apostrophes (') are forbidden in menu items name. Use ’ (U+2019).
   - pricing.menu_items.3.items.0.name: Straight apostrophes (') are forbidden in menu items name. Use ’ (U+2019).
   - pricing.menu_items.3.items.1.name: Straight apostrophes (') are forbidden in menu items name. Use ’ (U+2019).
   - pricing.menu_items.3.items.2.name: Straight apostrophes (') are forbidden in menu items name. Use ’ (U+2019).
   - pricing.menu_items.3.items.5.name: Straight apostrophes (') are forbidden in menu items name. Use ’ (U+2019).
   - insider_tip: Insider tips must use 3 bullets format
   - images.hero: Invalid URL
   - images.hero: Hero image must be a valid HTTPS URL
   - images.gallery.0: Invalid URL
   - images.gallery.0: Gallery images must be valid HTTPS URLs
   - images.gallery.1: Invalid URL
   - images.gallery.1: Gallery images must be valid HTTPS URLs
❌ [Validation Error] Forest (Index: 354):
   - insider_tip: Insider tips must use 3 bullets format
   - images.hero: Invalid URL
   - images.hero: Hero image must be a valid HTTPS URL
   - images.gallery.0: Invalid URL
   - images.gallery.0: Gallery images must be valid HTTPS URLs
   - images.gallery.1: Invalid URL
   - images.gallery.1: Gallery images must be valid HTTPS URLs
❌ [Validation Error] Monsieur Bleu (Index: 355):
   - pricing.menu_items.1.items.8.name: Straight apostrophes (') are forbidden in menu items name. Use ’ (U+2019).
   - pricing.menu_items.3.items.2.name: Straight apostrophes (') are forbidden in menu items name. Use ’ (U+2019).
   - insider_tip: Insider tips must use 3 bullets format
   - images.hero: Invalid URL
   - images.hero: Hero image must be a valid HTTPS URL
   - images.gallery.0: Invalid URL
   - images.gallery.0: Gallery images must be valid HTTPS URLs
   - images.gallery.1: Invalid URL
   - images.gallery.1: Gallery images must be valid HTTPS URLs
❌ [Validation Error] Tse Yang (Index: 356):
   - insider_tip: Insider tips must use 3 bullets format
   - images.hero: Invalid URL
   - images.hero: Hero image must be a valid HTTPS URL
   - images.gallery.0: Invalid URL
   - images.gallery.0: Gallery images must be valid HTTPS URLs
   - images.gallery.1: Invalid URL
   - images.gallery.1: Gallery images must be valid HTTPS URLs
❌ [Validation Error] Carette (Index: 357):
   - insider_tip: Insider tips must use 3 bullets format
   - images.hero: Invalid URL
   - images.hero: Hero image must be a valid HTTPS URL
   - images.gallery.0: Invalid URL
   - images.gallery.0: Gallery images must be valid HTTPS URLs
   - images.gallery.1: Invalid URL
   - images.gallery.1: Gallery images must be valid HTTPS URLs
❌ [Validation Error] Girafe (Index: 358):
   - insider_tip: Insider tips must use 3 bullets format
   - images.hero: Invalid URL
   - images.hero: Hero image must be a valid HTTPS URL
   - images.gallery.0: Invalid URL
   - images.gallery.0: Gallery images must be valid HTTPS URLs
   - images.gallery.1: Invalid URL
   - images.gallery.1: Gallery images must be valid HTTPS URLs
❌ [Validation Error] Maison Revka (Index: 359):
   - insider_tip: Insider tips must use 3 bullets format
   - images.hero: Invalid URL
   - images.hero: Hero image must be a valid HTTPS URL
   - images.gallery.0: Invalid URL
   - images.gallery.0: Gallery images must be valid HTTPS URLs
   - images.gallery.1: Invalid URL
   - images.gallery.1: Gallery images must be valid HTTPS URLs
❌ [Validation Error] Bistrot Flonflon (Index: 360):
   - images.hero: Invalid URL
   - images.hero: Hero image must be a valid HTTPS URL
   - images.gallery.0: Invalid URL
   - images.gallery.0: Gallery images must be valid HTTPS URLs
   - images.gallery.1: Invalid URL
   - images.gallery.1: Gallery images must be valid HTTPS URLs
❌ [Validation Error] Frédéric Simonin (Index: 361):
   - pricing.menu_items.1.items.0.name: Straight apostrophes (') are forbidden in menu items name. Use ’ (U+2019).
   - images.hero: Invalid URL
   - images.hero: Hero image must be a valid HTTPS URL
   - images.gallery.0: Invalid URL
   - images.gallery.0: Gallery images must be valid HTTPS URLs
   - images.gallery.1: Invalid URL
   - images.gallery.1: Gallery images must be valid HTTPS URLs
❌ [Validation Error] Gare au Gorille (Index: 362):
   - images.hero: Invalid URL
   - images.hero: Hero image must be a valid HTTPS URL
   - images.gallery.0: Invalid URL
   - images.gallery.0: Gallery images must be valid HTTPS URLs
   - images.gallery.1: Invalid URL
   - images.gallery.1: Gallery images must be valid HTTPS URLs
❌ [Validation Error] L’Agapé (Index: 363):
   - images.hero: Invalid URL
   - images.hero: Hero image must be a valid HTTPS URL
   - images.gallery.0: Invalid URL
   - images.gallery.0: Gallery images must be valid HTTPS URLs
   - images.gallery.1: Invalid URL
   - images.gallery.1: Gallery images must be valid HTTPS URLs
❌ [Validation Error] Le 17.45 Batignolles (Index: 364):
   - images.hero: Invalid URL
   - images.hero: Hero image must be a valid HTTPS URL
   - images.gallery.0: Invalid URL
   - images.gallery.0: Gallery images must be valid HTTPS URLs
   - images.gallery.1: Invalid URL
   - images.gallery.1: Gallery images must be valid HTTPS URLs
❌ [Validation Error] Le bonheur de Cardinet (Index: 365):
   - description: Description must be substantive (min 50 chars)
   - images.hero: Invalid URL
   - images.hero: Hero image must be a valid HTTPS URL
   - images.gallery.0: Invalid URL
   - images.gallery.0: Gallery images must be valid HTTPS URLs
   - images.gallery.1: Invalid URL
   - images.gallery.1: Gallery images must be valid HTTPS URLs
❌ [Validation Error] Maison Rostang (Index: 366):
   - images.hero: Invalid URL
   - images.hero: Hero image must be a valid HTTPS URL
   - images.gallery.0: Invalid URL
   - images.gallery.0: Gallery images must be valid HTTPS URLs
   - images.gallery.1: Invalid URL
   - images.gallery.1: Gallery images must be valid HTTPS URLs
❌ [Validation Error] Mallory Gabsi (Index: 367):
   - images.hero: Invalid URL
   - images.hero: Hero image must be a valid HTTPS URL
   - images.gallery.0: Invalid URL
   - images.gallery.0: Gallery images must be valid HTTPS URLs
   - images.gallery.1: Invalid URL
   - images.gallery.1: Gallery images must be valid HTTPS URLs
❌ [Validation Error] Mamma Primi (Index: 368):
   - images.hero: Invalid URL
   - images.hero: Hero image must be a valid HTTPS URL
   - images.gallery.0: Invalid URL
   - images.gallery.0: Gallery images must be valid HTTPS URLs
   - images.gallery.1: Invalid URL
   - images.gallery.1: Gallery images must be valid HTTPS URLs
❌ [Validation Error] Mano a Mano Pizza Restaurant (Index: 369):
   - description: Description must be substantive (min 50 chars)
   - images.hero: Invalid URL
   - images.hero: Hero image must be a valid HTTPS URL
   - images.gallery.0: Invalid URL
   - images.gallery.0: Gallery images must be valid HTTPS URLs
   - images.gallery.1: Invalid URL
   - images.gallery.1: Gallery images must be valid HTTPS URLs
❌ [Validation Error] Oxte (Index: 370):
   - images.hero: Invalid URL
   - images.hero: Hero image must be a valid HTTPS URL
   - images.gallery.0: Invalid URL
   - images.gallery.0: Gallery images must be valid HTTPS URLs
   - images.gallery.1: Invalid URL
   - images.gallery.1: Gallery images must be valid HTTPS URLs
❌ [Validation Error] Papillon (Index: 371):
   - images.hero: Invalid URL
   - images.hero: Hero image must be a valid HTTPS URL
   - images.gallery.0: Invalid URL
   - images.gallery.0: Gallery images must be valid HTTPS URLs
   - images.gallery.1: Invalid URL
   - images.gallery.1: Gallery images must be valid HTTPS URLs
❌ [Validation Error] Pont Cardinet (Index: 372):
   - description: Description must be substantive (min 50 chars)
   - images.hero: Invalid URL
   - images.hero: Hero image must be a valid HTTPS URL
   - images.gallery.0: Invalid URL
   - images.gallery.0: Gallery images must be valid HTTPS URLs
   - images.gallery.1: Invalid URL
   - images.gallery.1: Gallery images must be valid HTTPS URLs
❌ [Validation Error] Le Faham (Index: 373):
   - pricing.menu_items.3.items.1.name: Straight apostrophes (') are forbidden in menu items name. Use ’ (U+2019).
   - images.hero: Invalid URL
   - images.hero: Hero image must be a valid HTTPS URL
   - images.gallery.0: Invalid URL
   - images.gallery.0: Gallery images must be valid HTTPS URLs
   - images.gallery.1: Invalid URL
   - images.gallery.1: Gallery images must be valid HTTPS URLs
❌ [Validation Error] La Taverne de Zhao (Index: 374):
   - expert_catchline: Invalid input: expected string, received undefined
   - images.hero: Invalid URL
   - images.hero: Hero image must be a valid HTTPS URL
   - images.gallery.0: Invalid URL
   - images.gallery.0: Gallery images must be valid HTTPS URLs
   - images.gallery.1: Invalid URL
   - images.gallery.1: Gallery images must be valid HTTPS URLs
❌ [Validation Error] ANONA (Index: 375):
   - images.hero: Invalid URL
   - images.hero: Hero image must be a valid HTTPS URL
   - images.gallery.0: Invalid URL
   - images.gallery.0: Gallery images must be valid HTTPS URLs
   - images.gallery.1: Invalid URL
   - images.gallery.1: Gallery images must be valid HTTPS URLs
❌ [Validation Error] Coretta (Index: 376):
   - images.hero: Invalid URL
   - images.hero: Hero image must be a valid HTTPS URL
   - images.gallery.0: Invalid URL
   - images.gallery.0: Gallery images must be valid HTTPS URLs
   - images.gallery.1: Invalid URL
   - images.gallery.1: Gallery images must be valid HTTPS URLs
❌ [Validation Error] L’entredgeu (Index: 377):
   - images.hero: Invalid URL
   - images.hero: Hero image must be a valid HTTPS URL
   - images.gallery.0: Invalid URL
   - images.gallery.0: Gallery images must be valid HTTPS URLs
   - images.gallery.1: Invalid URL
   - images.gallery.1: Gallery images must be valid HTTPS URLs
❌ [Validation Error] Le P’tit Canon (Index: 378):
   - images.hero: Invalid URL
   - images.hero: Hero image must be a valid HTTPS URL
   - images.gallery.0: Invalid URL
   - images.gallery.0: Gallery images must be valid HTTPS URLs
   - images.gallery.1: Invalid URL
   - images.gallery.1: Gallery images must be valid HTTPS URLs
❌ [Validation Error] Terres de Café Batignolles (Index: 381):
   - category: Invalid input: expected "restaurant"
   - subcategory.0: Invalid option: expected one of "vietnamien"|"japonais"|"français"|"bar à vin"|"pizzeria"|"bistronomie"|"italien"|"éthiopien"|"indien"|"pakistanais"|"asiatique"|"méditerranéen"|"terrasse"|"viande d'exception"|"ferme tard"
   - expert_catchline: Invalid input: expected string, received undefined
   - insider_tip: Insider tips must use 3 bullets format
   - specials.must_eat: Invalid input: expected string, received undefined
   - images.gallery: Minimum 2 gallery photos required
❌ [Validation Error] La Rughetta (Index: 382):
   - images.gallery: Minimum 2 gallery photos required
❌ [MENU GATE ERROR] Bon Jo: Only 8 priced items. (Requirement: 20).
❌ [Validation Error] Chantoiseau (Index: 386):
   - expert_catchline: Invalid input: expected string, received undefined
   - images.hero: Invalid URL
   - images.hero: Hero image must be a valid HTTPS URL
   - images.gallery.0: Invalid URL
   - images.gallery.0: Gallery images must be valid HTTPS URLs
   - images.gallery.1: Invalid URL
   - images.gallery.1: Gallery images must be valid HTTPS URLs
❌ [Validation Error] L’Arcane (Index: 387):
   - pricing.menu_items.4.items.3.name: Straight apostrophes (') are forbidden in menu items name. Use ’ (U+2019).
   - expert_catchline: Invalid input: expected string, received undefined
   - specials.must_eat: must_eat must start with 'Cuisine [Type]. [Plat]' format
❌ [Validation Error] L’Été en Pente Douce (Index: 388):
   - expert_catchline: Invalid input: expected string, received undefined
   - images.hero: Invalid URL
   - images.hero: Hero image must be a valid HTTPS URL
   - images.gallery.0: Invalid URL
   - images.gallery.0: Gallery images must be valid HTTPS URLs
   - images.gallery.1: Invalid URL
   - images.gallery.1: Gallery images must be valid HTTPS URLs
❌ [Validation Error] La Boîte aux Lettres (Index: 389):
   - expert_catchline: Invalid input: expected string, received undefined
   - images.hero: Invalid URL
   - images.hero: Hero image must be a valid HTTPS URL
   - images.gallery.0: Invalid URL
   - images.gallery.0: Gallery images must be valid HTTPS URLs
   - images.gallery.1: Invalid URL
   - images.gallery.1: Gallery images must be valid HTTPS URLs
❌ [Validation Error] Le Coq & Fils - the Poultry House (Index: 392):
   - pricing.menu_items.4.items.2.name: Straight apostrophes (') are forbidden in menu items name. Use ’ (U+2019).
   - expert_catchline: Invalid input: expected string, received undefined
   - specials.must_eat: must_eat must start with 'Cuisine [Type]. [Plat]' format
   - images.hero: Invalid URL
   - images.hero: Hero image must be a valid HTTPS URL
   - images.gallery.0: Invalid URL
   - images.gallery.0: Gallery images must be valid HTTPS URLs
   - images.gallery.1: Invalid URL
   - images.gallery.1: Gallery images must be valid HTTPS URLs
❌ [Validation Error] Le Relais Gascon (Index: 394):
   - expert_catchline: Invalid input: expected string, received undefined
   - images.hero: Invalid URL
   - images.hero: Hero image must be a valid HTTPS URL
   - images.gallery.0: Invalid URL
   - images.gallery.0: Gallery images must be valid HTTPS URLs
   - images.gallery.1: Invalid URL
   - images.gallery.1: Gallery images must be valid HTTPS URLs
❌ [Validation Error] Le Vieux Chalet (Index: 395):
   - expert_catchline: Invalid input: expected string, received undefined
   - images.hero: Invalid URL
   - images.hero: Hero image must be a valid HTTPS URL
   - images.gallery.0: Invalid URL
   - images.gallery.0: Gallery images must be valid HTTPS URLs
   - images.gallery.1: Invalid URL
   - images.gallery.1: Gallery images must be valid HTTPS URLs
❌ [Validation Error] Popine Sacré Coeur (Index: 397):
   - expert_catchline: Invalid input: expected string, received undefined
   - images.hero: Invalid URL
   - images.hero: Hero image must be a valid HTTPS URL
   - images.gallery.0: Invalid URL
   - images.gallery.0: Gallery images must be valid HTTPS URLs
   - images.gallery.1: Invalid URL
   - images.gallery.1: Gallery images must be valid HTTPS URLs
❌ [Validation Error] Rue Forest (Index: 398):
   - description: Description must be substantive (min 50 chars)
   - images.hero: Invalid URL
   - images.hero: Hero image must be a valid HTTPS URL
   - images.gallery.0: Invalid URL
   - images.gallery.0: Gallery images must be valid HTTPS URLs
   - images.gallery.1: Invalid URL
   - images.gallery.1: Gallery images must be valid HTTPS URLs
❌ [Validation Error] Sacrée Fleur Montmartre (Index: 399):
   - expert_catchline: Invalid input: expected string, received undefined
   - images.hero: Invalid URL
   - images.hero: Hero image must be a valid HTTPS URL
   - images.gallery.0: Invalid URL
   - images.gallery.0: Gallery images must be valid HTTPS URLs
   - images.gallery.1: Invalid URL
   - images.gallery.1: Gallery images must be valid HTTPS URLs
❌ [Validation Error] Sacrée Fleur (Index: 400):
   - pricing.menu_items.1.items.0.name: Straight apostrophes (') are forbidden in menu items name. Use ’ (U+2019).
   - expert_catchline: Invalid input: expected string, received undefined
   - images.hero: Invalid URL
   - images.hero: Hero image must be a valid HTTPS URL
   - images.gallery.0: Invalid URL
   - images.gallery.0: Gallery images must be valid HTTPS URLs
   - images.gallery.1: Invalid URL
   - images.gallery.1: Gallery images must be valid HTTPS URLs
❌ [Validation Error] Le Maquis (Index: 401):
   - expert_catchline: Invalid input: expected string, received undefined
   - specials.must_eat: must_eat must start with 'Cuisine [Type]. [Plat]' format
❌ [Validation Error] Café Lomi (Index: 402):
   - category: Invalid input: expected "restaurant"
   - subcategory.0: Invalid option: expected one of "vietnamien"|"japonais"|"français"|"bar à vin"|"pizzeria"|"bistronomie"|"italien"|"éthiopien"|"indien"|"pakistanais"|"asiatique"|"méditerranéen"|"terrasse"|"viande d'exception"|"ferme tard"
   - expert_catchline: Invalid input: expected string, received undefined
   - insider_tip: Insider tips must use 3 bullets format
   - specials.must_eat: Invalid input: expected string, received undefined
   - images.hero: Invalid URL
   - images.hero: Hero image must be a valid HTTPS URL
   - images.gallery: Minimum 2 gallery photos required
❌ [Validation Error] Bulot Bulot Seafood Bar (Index: 403):
   - expert_catchline: Invalid input: expected string, received undefined
   - images.hero: Invalid URL
   - images.hero: Hero image must be a valid HTTPS URL
   - images.gallery.0: Invalid URL
   - images.gallery.0: Gallery images must be valid HTTPS URLs
   - images.gallery.1: Invalid URL
   - images.gallery.1: Gallery images must be valid HTTPS URLs
❌ [Validation Error] Maison Pinsa Montmartre (Index: 405):
   - subcategory.1: Invalid option: expected one of "vietnamien"|"japonais"|"français"|"bar à vin"|"pizzeria"|"bistronomie"|"italien"|"éthiopien"|"indien"|"pakistanais"|"asiatique"|"méditerranéen"|"terrasse"|"viande d'exception"|"ferme tard"
   - expert_catchline: Invalid input: expected string, received undefined
❌ [Validation Error] Pizza del Mondo (Index: 407):
   - subcategory.1: Invalid option: expected one of "vietnamien"|"japonais"|"français"|"bar à vin"|"pizzeria"|"bistronomie"|"italien"|"éthiopien"|"indien"|"pakistanais"|"asiatique"|"méditerranéen"|"terrasse"|"viande d'exception"|"ferme tard"
   - subcategory.2: Invalid option: expected one of "vietnamien"|"japonais"|"français"|"bar à vin"|"pizzeria"|"bistronomie"|"italien"|"éthiopien"|"indien"|"pakistanais"|"asiatique"|"méditerranéen"|"terrasse"|"viande d'exception"|"ferme tard"
   - subcategory.3: Invalid option: expected one of "vietnamien"|"japonais"|"français"|"bar à vin"|"pizzeria"|"bistronomie"|"italien"|"éthiopien"|"indien"|"pakistanais"|"asiatique"|"méditerranéen"|"terrasse"|"viande d'exception"|"ferme tard"
   - subcategory.4: Invalid option: expected one of "vietnamien"|"japonais"|"français"|"bar à vin"|"pizzeria"|"bistronomie"|"italien"|"éthiopien"|"indien"|"pakistanais"|"asiatique"|"méditerranéen"|"terrasse"|"viande d'exception"|"ferme tard"
   - expert_catchline: Invalid input: expected string, received undefined
   - specials.must_eat: must_eat must start with 'Cuisine [Type]. [Plat]' format
❌ [Validation Error] Le Pavillon des Canaux (Index: 408):
   - category: Invalid input: expected "restaurant"
   - subcategory.0: Invalid option: expected one of "vietnamien"|"japonais"|"français"|"bar à vin"|"pizzeria"|"bistronomie"|"italien"|"éthiopien"|"indien"|"pakistanais"|"asiatique"|"méditerranéen"|"terrasse"|"viande d'exception"|"ferme tard"
   - expert_catchline: Invalid input: expected string, received undefined
   - insider_tip: Insider tips must use 3 bullets format
   - specials.must_eat: Invalid input: expected string, received undefined
❌ [Validation Error] La Taverne de Zhao (Index: 409):
   - expert_catchline: Invalid input: expected string, received undefined
   - images.hero: Invalid URL
   - images.hero: Hero image must be a valid HTTPS URL
   - images.gallery.0: Invalid URL
   - images.gallery.0: Gallery images must be valid HTTPS URLs
   - images.gallery.1: Invalid URL
   - images.gallery.1: Gallery images must be valid HTTPS URLs
❌ [Validation Error] Dilia (Index: 411):
   - specials.must_eat: must_eat must start with 'Cuisine [Type]. [Plat]' format

⚠️ [DaC] Compilation finished with 393 errors. 20/413 places successfully compiled.
✅ [DaC] Successfully generated init.sql with 20 valid places.
📦 [DaC] Packaging into SQLite Binary...
🚀 [DaC] moodmap.db regenerated successfully! Hash: e8e39bf90c400394
